Archive member included to satisfy reference by file (symbol)

c:/siliconlabs/simplicitystudio/v5/developer/toolchains/gnu_arm/12.2.rel1_2023.7/bin/../lib/gcc/arm-none-eabi/12.2.1/thumb/v8-m.main+fp/hard\libgcc.a(_aeabi_ldivmod.o)
                              ./gecko_sdk_4.4.3/platform/emlib/src/em_usart.o (__aeabi_ldivmod)
c:/siliconlabs/simplicitystudio/v5/developer/toolchains/gnu_arm/12.2.rel1_2023.7/bin/../lib/gcc/arm-none-eabi/12.2.1/thumb/v8-m.main+fp/hard\libgcc.a(_aeabi_uldivmod.o)
                              ./gecko_sdk_4.4.3/platform/emlib/src/em_usart.o (__aeabi_uldivmod)
c:/siliconlabs/simplicitystudio/v5/developer/toolchains/gnu_arm/12.2.rel1_2023.7/bin/../lib/gcc/arm-none-eabi/12.2.1/thumb/v8-m.main+fp/hard\libgcc.a(_udivmoddi4.o)
                              c:/siliconlabs/simplicitystudio/v5/developer/toolchains/gnu_arm/12.2.rel1_2023.7/bin/../lib/gcc/arm-none-eabi/12.2.1/thumb/v8-m.main+fp/hard\libgcc.a(_aeabi_ldivmod.o) (__udivmoddi4)
c:/siliconlabs/simplicitystudio/v5/developer/toolchains/gnu_arm/12.2.rel1_2023.7/bin/../lib/gcc/arm-none-eabi/12.2.1/thumb/v8-m.main+fp/hard\libgcc.a(_dvmd_tls.o)
                              c:/siliconlabs/simplicitystudio/v5/developer/toolchains/gnu_arm/12.2.rel1_2023.7/bin/../lib/gcc/arm-none-eabi/12.2.1/thumb/v8-m.main+fp/hard\libgcc.a(_aeabi_ldivmod.o) (__aeabi_ldiv0)
c:/siliconlabs/simplicitystudio/v5/developer/toolchains/gnu_arm/12.2.rel1_2023.7/bin/../lib/gcc/arm-none-eabi/12.2.1/thumb/v8-m.main+fp/hard\libc_nano.a(libc_a-exit.o)
                              c:/siliconlabs/simplicitystudio/v5/developer/toolchains/gnu_arm/12.2.rel1_2023.7/bin/../lib/gcc/arm-none-eabi/12.2.1/thumb/v8-m.main+fp/hard/crt0.o (exit)
c:/siliconlabs/simplicitystudio/v5/developer/toolchains/gnu_arm/12.2.rel1_2023.7/bin/../lib/gcc/arm-none-eabi/12.2.1/thumb/v8-m.main+fp/hard\libc_nano.a(libc_a-findfp.o)
                              c:/siliconlabs/simplicitystudio/v5/developer/toolchains/gnu_arm/12.2.rel1_2023.7/bin/../lib/gcc/arm-none-eabi/12.2.1/thumb/v8-m.main+fp/hard\libc_nano.a(libc_a-exit.o) (__stdio_exit_handler)
c:/siliconlabs/simplicitystudio/v5/developer/toolchains/gnu_arm/12.2.rel1_2023.7/bin/../lib/gcc/arm-none-eabi/12.2.1/thumb/v8-m.main+fp/hard\libc_nano.a(libc_a-fwalk.o)
                              c:/siliconlabs/simplicitystudio/v5/developer/toolchains/gnu_arm/12.2.rel1_2023.7/bin/../lib/gcc/arm-none-eabi/12.2.1/thumb/v8-m.main+fp/hard\libc_nano.a(libc_a-findfp.o) (_fwalk_sglue)
c:/siliconlabs/simplicitystudio/v5/developer/toolchains/gnu_arm/12.2.rel1_2023.7/bin/../lib/gcc/arm-none-eabi/12.2.1/thumb/v8-m.main+fp/hard\libc_nano.a(libc_a-stdio.o)
                              c:/siliconlabs/simplicitystudio/v5/developer/toolchains/gnu_arm/12.2.rel1_2023.7/bin/../lib/gcc/arm-none-eabi/12.2.1/thumb/v8-m.main+fp/hard\libc_nano.a(libc_a-findfp.o) (__sread)
c:/siliconlabs/simplicitystudio/v5/developer/toolchains/gnu_arm/12.2.rel1_2023.7/bin/../lib/gcc/arm-none-eabi/12.2.1/thumb/v8-m.main+fp/hard\libc_nano.a(libc_a-memset.o)
                              c:/siliconlabs/simplicitystudio/v5/developer/toolchains/gnu_arm/12.2.rel1_2023.7/bin/../lib/gcc/arm-none-eabi/12.2.1/thumb/v8-m.main+fp/hard/crt0.o (memset)
c:/siliconlabs/simplicitystudio/v5/developer/toolchains/gnu_arm/12.2.rel1_2023.7/bin/../lib/gcc/arm-none-eabi/12.2.1/thumb/v8-m.main+fp/hard\libc_nano.a(libc_a-closer.o)
                              c:/siliconlabs/simplicitystudio/v5/developer/toolchains/gnu_arm/12.2.rel1_2023.7/bin/../lib/gcc/arm-none-eabi/12.2.1/thumb/v8-m.main+fp/hard\libc_nano.a(libc_a-stdio.o) (_close_r)
c:/siliconlabs/simplicitystudio/v5/developer/toolchains/gnu_arm/12.2.rel1_2023.7/bin/../lib/gcc/arm-none-eabi/12.2.1/thumb/v8-m.main+fp/hard\libc_nano.a(libc_a-reent.o)
                              c:/siliconlabs/simplicitystudio/v5/developer/toolchains/gnu_arm/12.2.rel1_2023.7/bin/../lib/gcc/arm-none-eabi/12.2.1/thumb/v8-m.main+fp/hard\libc_nano.a(libc_a-closer.o) (errno)
c:/siliconlabs/simplicitystudio/v5/developer/toolchains/gnu_arm/12.2.rel1_2023.7/bin/../lib/gcc/arm-none-eabi/12.2.1/thumb/v8-m.main+fp/hard\libc_nano.a(libc_a-impure.o)
                              c:/siliconlabs/simplicitystudio/v5/developer/toolchains/gnu_arm/12.2.rel1_2023.7/bin/../lib/gcc/arm-none-eabi/12.2.1/thumb/v8-m.main+fp/hard\libc_nano.a(libc_a-reent.o) (_impure_ptr)
c:/siliconlabs/simplicitystudio/v5/developer/toolchains/gnu_arm/12.2.rel1_2023.7/bin/../lib/gcc/arm-none-eabi/12.2.1/thumb/v8-m.main+fp/hard\libc_nano.a(libc_a-lseekr.o)
                              c:/siliconlabs/simplicitystudio/v5/developer/toolchains/gnu_arm/12.2.rel1_2023.7/bin/../lib/gcc/arm-none-eabi/12.2.1/thumb/v8-m.main+fp/hard\libc_nano.a(libc_a-stdio.o) (_lseek_r)
c:/siliconlabs/simplicitystudio/v5/developer/toolchains/gnu_arm/12.2.rel1_2023.7/bin/../lib/gcc/arm-none-eabi/12.2.1/thumb/v8-m.main+fp/hard\libc_nano.a(libc_a-readr.o)
[...]
Memory Configuration

Name             Origin             Length             Attributes
FLASH            0x08000000         0x0017e000         xr
RAM              0x20000000         0x00040000         xrw
*default*        0x00000000         0xffffffff

Linker script and memory map

LOAD c:/siliconlabs/simplicitystudio/v5/developer/toolchains/gnu_arm/12.2.rel1_2023.7/bin/../lib/gcc/arm-none-eabi/12.2.1/thumb/v8-m.main+fp/hard/crti.o
LOAD c:/siliconlabs/simplicitystudio/v5/developer/toolchains/gnu_arm/12.2.rel1_2023.7/bin/../lib/gcc/arm-none-eabi/12.2.1/thumb/v8-m.main+fp/hard/crtbegin.o
LOAD c:/siliconlabs/simplicitystudio/v5/developer/toolchains/gnu_arm/12.2.rel1_2023.7/bin/../lib/gcc/arm-none-eabi/12.2.1/thumb/v8-m.main+fp/hard/crt0.o
START GROUP
LOAD ./app.o
LOAD ./main.o
LOAD ./autogen/sl_board_default_init.o
LOAD ./autogen/sl_device_init_clocks.o
LOAD ./autogen/sl_event_handler.o
LOAD ./gecko_sdk_4.4.3/hardware/board/src/sl_board_control_gpio.o
LOAD ./gecko_sdk_4.4.3/hardware/board/src/sl_board_init.o
LOAD ./gecko_sdk_4.4.3/hardware/driver/configuration_over_swo/src/sl_cos.o
LOAD ./gecko_sdk_4.4.3/hardware/driver/mx25_flash_shutdown/src/sl_mx25_flash_shutdown_usart/sl_mx25_flash_shutdown.o
LOAD ./gecko_sdk_4.4.3/platform/Device/SiliconLabs/EFR32MG24/Source/startup_efr32mg24.o
LOAD ./gecko_sdk_4.4.3/platform/Device/SiliconLabs/EFR32MG24/Source/system_efr32mg24.o
LOAD ./gecko_sdk_4.4.3/platform/common/src/sl_assert.o
LOAD ./gecko_sdk_4.4.3/platform/common/src/sl_syscalls.o
LOAD ./gecko_sdk_4.4.3/platform/common/toolchain/src/sl_memory.o
LOAD ./gecko_sdk_4.4.3/platform/driver/debug/src/sl_debug_swo.o
LOAD ./gecko_sdk_4.4.3/platform/emlib/src/em_cmu.o
LOAD ./gecko_sdk_4.4.3/platform/emlib/src/em_core.o
LOAD ./gecko_sdk_4.4.3/platform/emlib/src/em_emu.o
LOAD ./gecko_sdk_4.4.3/platform/emlib/src/em_gpio.o
LOAD ./gecko_sdk_4.4.3/platform/emlib/src/em_msc.o
LOAD ./gecko_sdk_4.4.3/platform/emlib/src/em_system.o
LOAD ./gecko_sdk_4.4.3/platform/emlib/src/em_usart.o
LOAD ./gecko_sdk_4.4.3/platform/service/device_init/src/sl_device_init_dcdc_s2.o
LOAD ./gecko_sdk_4.4.3/platform/service/device_init/src/sl_device_init_emu_s2.o
LOAD ./gecko_sdk_4.4.3/platform/service/device_init/src/sl_device_init_hfxo_s2.o
LOAD ./gecko_sdk_4.4.3/platform/service/device_init/src/sl_device_init_lfxo_s2.o
LOAD ./gecko_sdk_4.4.3/platform/service/device_init/src/sl_device_init_nvic.o
LOAD ./gecko_sdk_4.4.3/platform/service/system/src/sl_system_init.o
LOAD ./gecko_sdk_4.4.3/platform/service/system/src/sl_system_process_action.o
LOAD ./gecko_sdk_4.4.3/platform/service/udelay/src/sl_udelay.o
LOAD ./gecko_sdk_4.4.3/platform/service/udelay/src/sl_udelay_armv6m_gcc.o
LOAD c:/siliconlabs/simplicitystudio/v5/developer/toolchains/gnu_arm/12.2.rel1_2023.7/bin/../lib/gcc/arm-none-eabi/12.2.1/thumb/v8-m.main+fp/hard\libgcc.a
LOAD c:/siliconlabs/simplicitystudio/v5/developer/toolchains/gnu_arm/12.2.rel1_2023.7/bin/../lib/gcc/arm-none-eabi/12.2.1/thumb/v8-m.main+fp/hard\libc_nano.a
LOAD c:/siliconlabs/simplicitystudio/v5/developer/toolchains/gnu_arm/12.2.rel1_2023.7/bin/../lib/gcc/arm-none-eabi/12.2.1/thumb/v8-m.main+fp/hard\libm.a
LOAD c:/siliconlabs/simplicitystudio/v5/developer/toolchains/gnu_arm/12.2.rel1_2023.7/bin/../lib/gcc/arm-none-eabi/12.2.1/thumb/v8-m.main+fp/hard\libnosys.a
END GROUP
START GROUP
LOAD c:/siliconlabs/simplicitystudio/v5/developer/toolchains/gnu_arm/12.2.rel1_2023.7/bin/../lib/gcc/arm-none-eabi/12.2.1/thumb/v8-m.main+fp/hard\libgcc.a
LOAD c:/siliconlabs/simplicitystudio/v5/developer/toolchains/gnu_arm/12.2.rel1_2023.7/bin/../lib/gcc/arm-none-eabi/12.2.1/thumb/v8-m.main+fp/hard\libc_nano.a
LOAD c:/siliconlabs/simplicitystudio/v5/developer/toolchains/gnu_arm/12.2.rel1_2023.7/bin/../lib/gcc/arm-none-eabi/12.2.1/thumb/v8-m.main+fp/hard\libnosys.a
END GROUP
START GROUP
LOAD c:/siliconlabs/simplicitystudio/v5/developer/toolchains/gnu_arm/12.2.rel1_2023.7/bin/../lib/gcc/arm-none-eabi/12.2.1/thumb/v8-m.main+fp/hard\libgcc.a
LOAD c:/siliconlabs/simplicitystudio/v5/developer/toolchains/gnu_arm/12.2.rel1_2023.7/bin/../lib/gcc/arm-none-eabi/12.2.1/thumb/v8-m.main+fp/hard\libg_nano.a
LOAD c:/siliconlabs/simplicitystudio/v5/developer/toolchains/gnu_arm/12.2.rel1_2023.7/bin/../lib/gcc/arm-none-eabi/12.2.1/thumb/v8-m.main+fp/hard\libc_nano.a
END GROUP
START GROUP
LOAD c:/siliconlabs/simplicitystudio/v5/developer/toolchains/gnu_arm/12.2.rel1_2023.7/bin/../lib/gcc/arm-none-eabi/12.2.1/thumb/v8-m.main+fp/hard\libgcc.a
LOAD c:/siliconlabs/simplicitystudio/v5/developer/toolchains/gnu_arm/12.2.rel1_2023.7/bin/../lib/gcc/arm-none-eabi/12.2.1/thumb/v8-m.main+fp/hard\libc_nano.a
END GROUP
LOAD c:/siliconlabs/simplicitystudio/v5/developer/toolchains/gnu_arm/12.2.rel1_2023.7/bin/../lib/gcc/arm-none-eabi/12.2.1/thumb/v8-m.main+fp/hard/crtend.o
LOAD c:/siliconlabs/simplicitystudio/v5/developer/toolchains/gnu_arm/12.2.rel1_2023.7/bin/../lib/gcc/arm-none-eabi/12.2.1/thumb/v8-m.main+fp/hard/crtn.o

.text           0x08000000     0x13b0
                0x08000000                linker_vectors_begin = .
 *(.vectors)
 .vectors       0x08000000      0x170 ./gecko_sdk_4.4.3/platform/Device/SiliconLabs/EFR32MG24/Source/startup_efr32mg24.o
                0x08000000                __Vectors
                0x08000170                linker_vectors_end = .
                0x08000170                __Vectors_End = .
                0x08000170                __Vectors_Size = (__Vectors_End - __Vectors)
                0x08000170                linker_code_begin = .
 *(SORT_BY_ALIGNMENT(.text*))
 .text.deregister_tm_clones
                0x08000170       0x1c c:/siliconlabs/simplicitystudio/v5/developer/toolchains/gnu_arm/12.2.rel1_2023.7/bin/../lib/gcc/arm-none-eabi/12.2.1/thumb/v8-m.main+fp/hard/crtbegin.o
 .text.register_tm_clones
                0x0800018c       0x28 c:/siliconlabs/simplicitystudio/v5/developer/toolchains/gnu_arm/12.2.rel1_2023.7/bin/../lib/gcc/arm-none-eabi/12.2.1/thumb/v8-m.main+fp/hard/crtbegin.o
 .text.__do_global_dtors_aux
                0x080001b4       0x28 c:/siliconlabs/simplicitystudio/v5/developer/toolchains/gnu_arm/12.2.rel1_2023.7/bin/../lib/gcc/arm-none-eabi/12.2.1/thumb/v8-m.main+fp/hard/crtbegin.o
 .text.frame_dummy
                0x080001dc       0x24 c:/siliconlabs/simplicitystudio/v5/developer/toolchains/gnu_arm/12.2.rel1_2023.7/bin/../lib/gcc/arm-none-eabi/12.2.1/thumb/v8-m.main+fp/hard/crtbegin.o
 .text          0x08000200       0x7c c:/siliconlabs/simplicitystudio/v5/developer/toolchains/gnu_arm/12.2.rel1_2023.7/bin/../lib/gcc/arm-none-eabi/12.2.1/thumb/v8-m.main+fp/hard/crt0.o
                0x08000200                _stack_init
                0x08000208                _start
                0x08000208                _mainCRTStartup
 .text.initUSART
                0x0800027c       0x94 ./main.o
                0x0800027c                initUSART
 .text.USART_SendChar
                0x08000310       0x14 ./main.o
                0x08000310                USART_SendChar
 .text.USART0_RX_IRQHandler
                0x08000324       0x6c ./main.o
                0x08000324                USART0_RX_IRQHandler
 .text.startup.main
                0x08000390       0x3c ./main.o
                0x08000390                main
 .text.CopyRamFuncs
                0x080003cc       0x1c ./gecko_sdk_4.4.3/platform/Device/SiliconLabs/EFR32MG24/Source/startup_efr32mg24.o
                0x080003cc                CopyRamFuncs
 .text.Reset_Handler
                0x080003e8       0x64 ./gecko_sdk_4.4.3/platform/Device/SiliconLabs/EFR32MG24/Source/startup_efr32mg24.o
                0x080003e8                Reset_Handler
 .text.SystemInit
                0x0800044c       0x68 ./gecko_sdk_4.4.3/platform/Device/SiliconLabs/EFR32MG24/Source/system_efr32mg24.o
                0x0800044c                SystemInit
 .text.SystemHFRCODPLLClockGet
                0x080004b4        0xc ./gecko_sdk_4.4.3/platform/Device/SiliconLabs/EFR32MG24/Source/system_efr32mg24.o
                0x080004b4                SystemHFRCODPLLClockGet
 .text.SystemSYSCLKGet
                0x080004c0       0x34 ./gecko_sdk_4.4.3/platform/Device/SiliconLabs/EFR32MG24/Source/system_efr32mg24.o
                0x080004c0                SystemSYSCLKGet
 .text.SystemHCLKGet
                0x080004f4       0x24 ./gecko_sdk_4.4.3/platform/Device/SiliconLabs/EFR32MG24/Source/system_efr32mg24.o
                0x080004f4                SystemHCLKGet
 .text.SystemHFXOClockGet
                0x08000518        0xc ./gecko_sdk_4.4.3/platform/Device/SiliconLabs/EFR32MG24/Source/system_efr32mg24.o
                0x08000518                SystemHFXOClockGet
 .text.SystemFSRCOClockGet
                0x08000524        0x8 ./gecko_sdk_4.4.3/platform/Device/SiliconLabs/EFR32MG24/Source/system_efr32mg24.o
                0x08000524                SystemFSRCOClockGet
 .text.SystemHFRCOEM23ClockGet
                0x0800052c       0x84 ./gecko_sdk_4.4.3/platform/Device/SiliconLabs/EFR32MG24/Source/system_efr32mg24.o
                0x0800052c                SystemHFRCOEM23ClockGet
 .text.SystemLFXOClockGet
                0x080005b0        0xc ./gecko_sdk_4.4.3/platform/Device/SiliconLabs/EFR32MG24/Source/system_efr32mg24.o
                0x080005b0                SystemLFXOClockGet
 .text.traceClkGet
                0x080005bc       0x54 ./gecko_sdk_4.4.3/platform/emlib/src/em_cmu.o
 .text.em01GrpaClkGet
                0x08000610       0x74 ./gecko_sdk_4.4.3/platform/emlib/src/em_cmu.o
 .text.em01GrpcClkGet
                0x08000684       0x70 ./gecko_sdk_4.4.3/platform/emlib/src/em_cmu.o
 .text.iadcClkGet
                0x080006f4       0x60 ./gecko_sdk_4.4.3/platform/emlib/src/em_cmu.o
 .text.eusart0ClkGet
                0x08000754       0x74 ./gecko_sdk_4.4.3/platform/emlib/src/em_cmu.o
 .text.em23GrpaClkGet
                0x080007c8       0x48 ./gecko_sdk_4.4.3/platform/emlib/src/em_cmu.o
 .text.vdac0ClkGet
                0x08000810       0x70 ./gecko_sdk_4.4.3/platform/emlib/src/em_cmu.o
 .text.vdac1ClkGet
                0x08000880       0x70 ./gecko_sdk_4.4.3/platform/emlib/src/em_cmu.o
 .text.pcnt0ClkGet
                0x080008f0       0x4c ./gecko_sdk_4.4.3/platform/emlib/src/em_cmu.o
 .text.wdog0ClkGet
                0x0800093c       0x64 ./gecko_sdk_4.4.3/platform/emlib/src/em_cmu.o
 .text.wdog1ClkGet
                0x080009a0       0x64 ./gecko_sdk_4.4.3/platform/emlib/src/em_cmu.o
 .text.sysrtcClkGet
                0x08000a04       0x48 ./gecko_sdk_4.4.3/platform/emlib/src/em_cmu.o
 .text.em4GrpaClkGet
                0x08000a4c       0x48 ./gecko_sdk_4.4.3/platform/emlib/src/em_cmu.o
 .text.CMU_ClockDivGet
                0x08000a94       0x78 ./gecko_sdk_4.4.3/platform/emlib/src/em_cmu.o
                0x08000a94                CMU_ClockDivGet
 .text.CMU_ClockEnable
                0x08000b0c       0x50 ./gecko_sdk_4.4.3/platform/emlib/src/em_cmu.o
                0x08000b0c                CMU_ClockEnable
 .text.CMU_ClockFreqGet
                0x08000b5c      0x204 ./gecko_sdk_4.4.3/platform/emlib/src/em_cmu.o
                0x08000b5c                CMU_ClockFreqGet
 .text.GPIO_PinOutSet
                0x08000d60       0x3c ./gecko_sdk_4.4.3/platform/emlib/src/em_gpio.o
 .text.GPIO_PinOutClear
                0x08000d9c       0x3c ./gecko_sdk_4.4.3/platform/emlib/src/em_gpio.o
 .text.GPIO_PinModeSet
                0x08000dd8       0x94 ./gecko_sdk_4.4.3/platform/emlib/src/em_gpio.o
                0x08000dd8                GPIO_PinModeSet
 .text.USART_BaudrateAsyncSet
                0x08000e6c       0xe0 ./gecko_sdk_4.4.3/platform/emlib/src/em_usart.o
                0x08000e6c                USART_BaudrateAsyncSet
 .text.USART_Enable
                0x08000f4c       0x3c ./gecko_sdk_4.4.3/platform/emlib/src/em_usart.o
                0x08000f4c                USART_Enable
 .text.USART_Reset
                0x08000f88       0x58 ./gecko_sdk_4.4.3/platform/emlib/src/em_usart.o
                0x08000f88                USART_Reset
 .text.USART_InitAsync
                0x08000fe0       0xd4 ./gecko_sdk_4.4.3/platform/emlib/src/em_usart.o
                0x08000fe0                USART_InitAsync
 .text.exit     0x080010b4       0x24 c:/siliconlabs/simplicitystudio/v5/developer/toolchains/gnu_arm/12.2.rel1_2023.7/bin/../lib/gcc/arm-none-eabi/12.2.1/thumb/v8-m.main+fp/hard\libc_nano.a(libc_a-exit.o)
                0x080010b4                exit
 .text.__libc_init_array
                0x080010d8       0x48 c:/siliconlabs/simplicitystudio/v5/developer/toolchains/gnu_arm/12.2.rel1_2023.7/bin/../lib/gcc/arm-none-eabi/12.2.1/thumb/v8-m.main+fp/hard\libc_nano.a(libc_a-init.o)
                0x080010d8                __libc_init_array
 .text.delay    0x08001120       0x12 ./main.o
                0x08001120                delay
 .text.USART_SendString
                0x08001132       0x24 ./main.o
                0x08001132                USART_SendString
 .text.Default_Handler
                0x08001156        0x2 ./gecko_sdk_4.4.3/platform/Device/SiliconLabs/EFR32MG24/Source/startup_efr32mg24.o
                0x08001156                ULFRCO_IRQHandler
                0x08001156                AHB2AHB1_IRQHandler
                0x08001156                SW2_IRQHandler
                0x08001156                TIMER2_IRQHandler
                0x08001156                DebugMon_Handler
                0x08001156                USART0_TX_IRQHandler
                0x08001156                IADC_IRQHandler
                0x08001156                EUSART0_TX_IRQHandler
                0x08001156                I2C0_IRQHandler
                0x08001156                LFXO_IRQHandler
                0x08001156                HardFault_Handler
                0x08001156                SMU_SECURE_IRQHandler
                0x08001156                SysTick_Handler
                0x08001156                SYSRTC_SEQ_IRQHandler
                0x08001156                EMUEFP_IRQHandler
                0x08001156                PendSV_Handler
                0x08001156                NMI_Handler
                0x08001156                SYNTH_IRQHandler
                0x08001156                HOSTMAILBOX_IRQHandler
                0x08001156                HFXO0_IRQHandler
                0x08001156                I2C1_IRQHandler
                0x08001156                WDOG0_IRQHandler
                0x08001156                TIMER3_IRQHandler
                0x08001156                SYSCFG_IRQHandler
                0x08001156                RFECA1_IRQHandler
                0x08001156                EMUDG_IRQHandler
                0x08001156                MSC_IRQHandler
                0x08001156                DPLL0_IRQHandler
                0x08001156                UsageFault_Handler
                0x08001156                WDOG1_IRQHandler
                0x08001156                M33CTI1_IRQHandler
                0x08001156                TIMER4_IRQHandler
                0x08001156                GPIO_EVEN_IRQHandler
                0x08001156                VDAC0_IRQHandler
                0x08001156                LDMA_IRQHandler
                0x08001156                SEMBTX_IRQHandler
                0x08001156                SW0_IRQHandler
                0x08001156                TIMER0_IRQHandler
                0x08001156                MVP_IRQHandler
                0x08001156                LETIMER0_IRQHandler
                0x08001156                EUSART1_RX_IRQHandler
                0x08001156                TIMER1_IRQHandler
                0x08001156                HFRCO0_IRQHandler
                0x08001156                SecureFault_Handler
                0x08001156                BUFC_IRQHandler
                0x08001156                DCDC_IRQHandler
                0x08001156                MODEM_IRQHandler
                0x08001156                Default_Handler
                0x08001156                RAC_SEQ_IRQHandler
                0x08001156                FRC_PRI_IRQHandler
                0x08001156                EMU_IRQHandler
                0x08001156                SW3_IRQHandler
                0x08001156                KERNEL0_IRQHandler
                0x08001156                FRC_IRQHandler
                0x08001156                PCNT0_IRQHandler
                0x08001156                KERNEL1_IRQHandler
                0x08001156                AGC_IRQHandler
                0x08001156                EUSART1_TX_IRQHandler
                0x08001156                KEYSCAN_IRQHandler
                0x08001156                sl_app_properties
                0x08001156                HFRCOEM23_IRQHandler
                0x08001156                BURTC_IRQHandler
                0x08001156                SEMBRX_IRQHandler
                0x08001156                RFECA0_IRQHandler
                0x08001156                LFRCO_IRQHandler
                0x08001156                VDAC1_IRQHandler
                0x08001156                ACMP0_IRQHandler
                0x08001156                MemManage_Handler
                0x08001156                AHB2AHB0_IRQHandler
                0x08001156                SVC_Handler
                0x08001156                SMU_S_PRIVILEGED_IRQHandler
                0x08001156                SW1_IRQHandler
                0x08001156                CMU_IRQHandler
                0x08001156                EUSART0_RX_IRQHandler
                0x08001156                RAC_RSM_IRQHandler
                0x08001156                SETAMPERHOST_IRQHandler
                0x08001156                GPIO_ODD_IRQHandler
                0x08001156                AES_IRQHandler
                0x08001156                M33CTI0_IRQHandler
                0x08001156                ICACHE0_IRQHandler
                0x08001156                SMU_NS_PRIVILEGED_IRQHandler
                0x08001156                FPUEXH_IRQHandler
                0x08001156                PROTIMER_IRQHandler
                0x08001156                ACMP1_IRQHandler
                0x08001156                BusFault_Handler
                0x08001156                MPAHBRAM_IRQHandler
                0x08001156                SYSRTC_APP_IRQHandler
 .text.FlashToRamCopy
                0x08001158       0x16 ./gecko_sdk_4.4.3/platform/Device/SiliconLabs/EFR32MG24/Source/system_efr32mg24.o
                0x08001158                FlashToRamCopy
 .text.SystemLFRCOClockGet
                0x0800116e        0x6 ./gecko_sdk_4.4.3/platform/Device/SiliconLabs/EFR32MG24/Source/system_efr32mg24.o
                0x0800116e                SystemLFRCOClockGet
 .text.SystemULFRCOClockGet
                0x08001174        0x6 ./gecko_sdk_4.4.3/platform/Device/SiliconLabs/EFR32MG24/Source/system_efr32mg24.o
                0x08001174                SystemULFRCOClockGet
 .text.assertEFM
                0x0800117a        0x2 ./gecko_sdk_4.4.3/platform/common/src/sl_assert.o
                0x0800117a                assertEFM
 .text._exit    0x0800117c        0x2 ./gecko_sdk_4.4.3/platform/common/src/sl_syscalls.o
                0x0800117c                _exit
 .text.CORE_EnterCritical
                0x0800117e        0x8 ./gecko_sdk_4.4.3/platform/emlib/src/em_core.o
                0x0800117e                CORE_EnterCritical
 .text.CORE_ExitCritical
                0x08001186        0x6 ./gecko_sdk_4.4.3/platform/emlib/src/em_core.o
                0x08001186                CORE_ExitCritical
 .text.BUS_RegMaskedWrite
                0x0800118c       0x1e ./gecko_sdk_4.4.3/platform/emlib/src/em_gpio.o
 .text.USART_Rx
                0x080011aa        0xc ./gecko_sdk_4.4.3/platform/emlib/src/em_usart.o
                0x080011aa                USART_Rx
 .text.USART_Tx
                0x080011b6        0xa ./gecko_sdk_4.4.3/platform/emlib/src/em_usart.o
                0x080011b6                USART_Tx
 .text.memset   0x080011c0       0x10 c:/siliconlabs/simplicitystudio/v5/developer/toolchains/gnu_arm/12.2.rel1_2023.7/bin/../lib/gcc/arm-none-eabi/12.2.1/thumb/v8-m.main+fp/hard\libc_nano.a(libc_a-memset.o)
                0x080011c0                memset
 .text          0x080011d0       0x10 c:/siliconlabs/simplicitystudio/v5/developer/toolchains/gnu_arm/12.2.rel1_2023.7/bin/../lib/gcc/arm-none-eabi/12.2.1/thumb/v8-m.main+fp/hard\libc_nano.a(libc_a-strlen.o)
                0x080011d0                strlen
                0x080011e0                . = ALIGN (0x20)
                0x080011e0                linker_code_end = .
 *(.init)
 .init          0x080011e0        0x4 c:/siliconlabs/simplicitystudio/v5/developer/toolchains/gnu_arm/12.2.rel1_2023.7/bin/../lib/gcc/arm-none-eabi/12.2.1/thumb/v8-m.main+fp/hard/crti.o
                0x080011e0                _init
 .init          0x080011e4        0x8 c:/siliconlabs/simplicitystudio/v5/developer/toolchains/gnu_arm/12.2.rel1_2023.7/bin/../lib/gcc/arm-none-eabi/12.2.1/thumb/v8-m.main+fp/hard/crtn.o
 *(.fini)
 .fini          0x080011ec        0x4 c:/siliconlabs/simplicitystudio/v5/developer/toolchains/gnu_arm/12.2.rel1_2023.7/bin/../lib/gcc/arm-none-eabi/12.2.1/thumb/v8-m.main+fp/hard/crti.o
                0x080011ec                _fini
 .fini          0x080011f0        0x8 c:/siliconlabs/simplicitystudio/v5/developer/toolchains/gnu_arm/12.2.rel1_2023.7/bin/../lib/gcc/arm-none-eabi/12.2.1/thumb/v8-m.main+fp/hard/crtn.o
 *crtbegin.o(.ctors)
 *crtbegin?.o(.ctors)
 *(EXCLUDE_FILE(*crtend.o *crtend?.o) .ctors)
 *(SORT_BY_NAME(.ctors.*))
 *(.ctors)
 *crtbegin.o(.dtors)
 *crtbegin?.o(.dtors)
 *(EXCLUDE_FILE(*crtend.o *crtend?.o) .dtors)
 *(SORT_BY_NAME(.dtors.*))
 *(.dtors)
                0x080011f8                __code_classification_validator_start__ = .
                0x08001218                . = (. + 0x20)
 *fill*         0x080011f8       0x20 
 *(code_classification_validator)
                0x08001220                . = ALIGN (0x20)
 *fill*         0x08001218        0x8 
                0x08001220                __code_classification_validator_end__ = .
 *(.rodata*)
 .rodata        0x08001220       0x1c ./main.o
 .rodata.HFRCODPLLDevinfoGet.str1.1
                0x0800123c       0x5a ./gecko_sdk_4.4.3/platform/emlib/src/em_cmu.o
 .rodata.GPIO_PinOutSet.str1.1
                0x08001296       0x5b ./gecko_sdk_4.4.3/platform/emlib/src/em_gpio.o
 .rodata.GPIO_ExtIntConfig.str1.1
                0x080012f1       0x5b ./gecko_sdk_4.4.3/platform/emlib/src/em_gpio.o
 .rodata.CSWTCH.31
                0x0800134c        0x8 ./gecko_sdk_4.4.3/platform/emlib/src/em_gpio.o
 .rodata.USART_BaudrateAsyncSet.str1.1
                0x08001354       0x5c ./gecko_sdk_4.4.3/platform/emlib/src/em_usart.o
 *(.eh_frame*)
 .eh_frame      0x080013b0        0x0 c:/siliconlabs/simplicitystudio/v5/developer/toolchains/gnu_arm/12.2.rel1_2023.7/bin/../lib/gcc/arm-none-eabi/12.2.1/thumb/v8-m.main+fp/hard/crtbegin.o

.glue_7         0x080013b0        0x0
 .glue_7        0x080013b0        0x0 linker stubs

.glue_7t        0x080013b0        0x0
 .glue_7t       0x080013b0        0x0 linker stubs

.vfp11_veneer   0x080013b0        0x0
 .vfp11_veneer  0x080013b0        0x0 linker stubs

.v4_bx          0x080013b0        0x0
 .v4_bx         0x080013b0        0x0 linker stubs

.iplt           0x080013b0        0x0
 .iplt          0x080013b0        0x0 c:/siliconlabs/simplicitystudio/v5/developer/toolchains/gnu_arm/12.2.rel1_2023.7/bin/../lib/gcc/arm-none-eabi/12.2.1/thumb/v8-m.main+fp/hard/crtbegin.o

.ARM.extab
 *(.ARM.extab* .gnu.linkonce.armextab.*)
                0x080013b0                __exidx_start = .

.ARM.exidx      0x080013b0        0x8
 *(.ARM.exidx* .gnu.linkonce.armexidx.*)
 .ARM.exidx     0x080013b0        0x8 c:/siliconlabs/simplicitystudio/v5/developer/toolchains/gnu_arm/12.2.rel1_2023.7/bin/../lib/gcc/arm-none-eabi/12.2.1/thumb/v8-m.main+fp/hard/crt0.o
                                 0x10 (size before relaxing)
                0x080013b8                __exidx_end = .

.rel.dyn        0x080013b8        0x0
 .rel.iplt      0x080013b8        0x0 c:/siliconlabs/simplicitystudio/v5/developer/toolchains/gnu_arm/12.2.rel1_2023.7/bin/../lib/gcc/arm-none-eabi/12.2.1/thumb/v8-m.main+fp/hard/crtbegin.o

.copy.table     0x080013b8        0xc
                0x080013b8                . = ALIGN (0x4)
                0x080013b8                __copy_table_start__ = .
                0x080013b8        0x4 LONG 0x80013c4 __etext
                0x080013bc        0x4 LONG 0x20001000 __data_start__
                0x080013c0        0x4 LONG 0x6 ((__data_end__ - __data_start__) / 0x4)
                0x080013c4                __copy_table_end__ = .

.zero.table     0x080013c4        0x0
                0x080013c4                . = ALIGN (0x4)
                0x080013c4                __zero_table_start__ = .
                0x080013c4                __zero_table_end__ = .
                0x080013c4                __etext = .
                0x20000000                . = ORIGIN (RAM)

.stack          0x20000000     0x1000
                0x20000000                __StackLimit = .
 *(.stack*)
 .stack         0x20000000     0x1000 ./gecko_sdk_4.4.3/platform/common/toolchain/src/sl_memory.o
                0x20001000                . = ALIGN (0x4)
                0x20001000                __StackTop = .
                0x20001000                PROVIDE (__stack = __StackTop)

.noinit
 *(.noinit*)

.data           0x20001000       0x18 load address 0x080013c4
                0x20001000                . = ALIGN (0x4)
                0x20001000                __data_start__ = .
 *(vtable)
 *(SORT_BY_ALIGNMENT(.data*))
 .data.SystemCoreClock
                0x20001000        0x4 ./gecko_sdk_4.4.3/platform/Device/SiliconLabs/EFR32MG24/Source/system_efr32mg24.o
                0x20001000                SystemCoreClock
 .data.SystemHFRCODPLLClock
                0x20001004        0x4 ./gecko_sdk_4.4.3/platform/Device/SiliconLabs/EFR32MG24/Source/system_efr32mg24.o
 .data.SystemLFXOClock
                0x20001008        0x4 ./gecko_sdk_4.4.3/platform/Device/SiliconLabs/EFR32MG24/Source/system_efr32mg24.o
 .data.SystemHFXOClock
                0x2000100c        0x4 ./gecko_sdk_4.4.3/platform/Device/SiliconLabs/EFR32MG24/Source/system_efr32mg24.o
                0x20001010                . = ALIGN (0x4)
                [!provide]                PROVIDE (__ram_func_section_start = .)
 *(.ram)
                [!provide]                PROVIDE (__ram_func_section_end = .)
                0x20001010                . = ALIGN (0x4)
                0x20001010                PROVIDE (__preinit_array_start = .)
 *(.preinit_array)
                0x20001010                PROVIDE (__preinit_array_end = .)
                0x20001010                . = ALIGN (0x4)
                0x20001010                PROVIDE (__init_array_start = .)
 *(SORT_BY_NAME(.init_array.*))
 *(.init_array)
 .init_array    0x20001010        0x4 c:/siliconlabs/simplicitystudio/v5/developer/toolchains/gnu_arm/12.2.rel1_2023.7/bin/../lib/gcc/arm-none-eabi/12.2.1/thumb/v8-m.main+fp/hard/crtbegin.o
                0x20001014                PROVIDE (__init_array_end = .)
                0x20001014                . = ALIGN (0x4)
                [!provide]                PROVIDE (__fini_array_start = .)
 *(SORT_BY_NAME(.fini_array.*))
 *(.fini_array)
 .fini_array    0x20001014        0x4 c:/siliconlabs/simplicitystudio/v5/developer/toolchains/gnu_arm/12.2.rel1_2023.7/bin/../lib/gcc/arm-none-eabi/12.2.1/thumb/v8-m.main+fp/hard/crtbegin.o
                [!provide]                PROVIDE (__fini_array_end = .)
                0x20001018                . = ALIGN (0x4)
                0x20001018                __data_end__ = .

.tm_clone_table
                0x20001018        0x0 load address 0x080013dc
 .tm_clone_table
                0x20001018        0x0 c:/siliconlabs/simplicitystudio/v5/developer/toolchains/gnu_arm/12.2.rel1_2023.7/bin/../lib/gcc/arm-none-eabi/12.2.1/thumb/v8-m.main+fp/hard/crtbegin.o
 .tm_clone_table
                0x20001018        0x0 c:/siliconlabs/simplicitystudio/v5/developer/toolchains/gnu_arm/12.2.rel1_2023.7/bin/../lib/gcc/arm-none-eabi/12.2.1/thumb/v8-m.main+fp/hard/crtend.o

.igot.plt       0x20001018        0x0 load address 0x080013dc
 .igot.plt      0x20001018        0x0 c:/siliconlabs/simplicitystudio/v5/developer/toolchains/gnu_arm/12.2.rel1_2023.7/bin/../lib/gcc/arm-none-eabi/12.2.1/thumb/v8-m.main+fp/hard/crtbegin.o

.bss            0x20001018       0x8c load address 0x080013dc
                0x20001018                . = ALIGN (0x4)
                0x20001018                __bss_start__ = .
 *(SORT_BY_ALIGNMENT(.bss*))
 .bss.object.0  0x20001018       0x18 c:/siliconlabs/simplicitystudio/v5/developer/toolchains/gnu_arm/12.2.rel1_2023.7/bin/../lib/gcc/arm-none-eabi/12.2.1/thumb/v8-m.main+fp/hard/crtbegin.o
 .bss.count     0x20001030        0x4 ./main.o
                0x20001030                count
 .bss.state     0x20001034        0x4 ./main.o
                0x20001034                state
 .bss.__stdio_exit_handler
                0x20001038        0x4 c:/siliconlabs/simplicitystudio/v5/developer/toolchains/gnu_arm/12.2.rel1_2023.7/bin/../lib/gcc/arm-none-eabi/12.2.1/thumb/v8-m.main+fp/hard\libc_nano.a(libc_a-findfp.o)
                0x20001038                __stdio_exit_handler
 .bss.completed.1
                0x2000103c        0x1 c:/siliconlabs/simplicitystudio/v5/developer/toolchains/gnu_arm/12.2.rel1_2023.7/bin/../lib/gcc/arm-none-eabi/12.2.1/thumb/v8-m.main+fp/hard/crtbegin.o
 .bss.received_data
                0x2000103d       0x64 ./main.o
                0x2000103d                received_data
 .bss.receivedChar
                0x200010a1        0x1 ./main.o
                0x200010a1                receivedChar
 *(COMMON)
                0x200010a4                . = ALIGN (0x4)
 *fill*         0x200010a2        0x2 
                0x200010a4                __bss_end__ = .
                0x200010a4                __ramfuncs_start__ = .
                0x200010a4                __vma_ramfuncs_start__ = .
                0x080013dc                __lma_ramfuncs_start__ = (__etext + SIZEOF (.data))
                0x00000000                __text_application_ram_offset__ = (. - __vma_ramfuncs_start__)

text_application_ram
                0x200010a4        0x0 load address 0x080013dc
                0x200010a4                . = ALIGN (0x4)
                0x200010a4                __text_application_ram_start__ = .
 *(text_application_ram)
                0x200010a4                . = ALIGN (0x4)
                0x200010a4                __text_application_ram_end__ = .
                0x200010a4                . = ALIGN (0x4)
                0x200010a4                __vma_ramfuncs_end__ = .
                0x080013dc                __lma_ramfuncs_end__ = ((__lma_ramfuncs_start__ + __text_application_ram_offset__) + SIZEOF (text_application_ram))
                0x200010a4                __ramfuncs_end__ = .

.heap           0x200010a8      0x800
                0x200010a8                __HeapBase = .
                0x200010a8                __end__ = .
                0x200010a8                end = __end__
                0x200010a8                _end = __end__
 *(.heap*)
 .heap          0x200010a8      0x800 ./gecko_sdk_4.4.3/platform/common/toolchain/src/sl_memory.o
                0x20040000                __HeapLimit = (ORIGIN (RAM) + LENGTH (RAM))
                0x0003ef58                __heap_size = (__HeapLimit - __HeapBase)
                0x20040000                __ram_end__ = 0x20040000
                0x0817e000                __main_flash_end__ = 0x817e000

.internal_storage
 *(.internal_storage*)

.nvm
 *(.simee*)
                0x0817e000                linker_nvm_end = __main_flash_end__
                0x0817e000                linker_nvm_begin = (linker_nvm_end - SIZEOF (.nvm))
                0x00000000                linker_nvm_size = SIZEOF (.nvm)
                0x0817e000                linker_storage_end = linker_nvm_begin
                0x0817e000                __nvm3Base = linker_nvm_begin
                0x0817e000                linker_storage_begin = (linker_storage_end - SIZEOF (.internal_storage))
                0x00000000                linker_storage_size = SIZEOF (.internal_storage)
                0x00000001                ASSERT ((linker_storage_begin >= (__etext + SIZEOF (.data))), FLASH memory overflowed !)
                0x0817e000                app_flash_end = 0x817e000
                0x00000001                ASSERT (((linker_nvm_begin + SIZEOF (.nvm)) <= app_flash_end), NVM3 is excessing the flash size !)
OUTPUT(USART.axf elf32-littlearm)
LOAD linker stubs

.ARM.attributes
                0x00000000       0x36
 .ARM.attributes
                0x00000000       0x26 c:/siliconlabs/simplicitystudio/v5/developer/toolchains/gnu_arm/12.2.rel1_2023.7/bin/../lib/gcc/arm-none-eabi/12.2.1/thumb/v8-m.main+fp/hard/crti.o
 .ARM.attributes
                0x00000026       0x38 c:/siliconlabs/simplicitystudio/v5/developer/toolchains/gnu_arm/12.2.rel1_2023.7/bin/../lib/gcc/arm-none-eabi/12.2.1/thumb/v8-m.main+fp/hard/crtbegin.o
 .ARM.attributes
                0x0000005e       0x24 c:/siliconlabs/simplicitystudio/v5/developer/toolchains/gnu_arm/12.2.rel1_2023.7/bin/../lib/gcc/arm-none-eabi/12.2.1/thumb/v8-m.main+fp/hard/crt0.o
 .ARM.attributes
                0x00000082       0x3a ./main.o
 .ARM.attributes
                0x000000bc       0x3a ./gecko_sdk_4.4.3/platform/Device/SiliconLabs/EFR32MG24/Source/startup_efr32mg24.o
 .ARM.attributes
                0x000000f6       0x3a ./gecko_sdk_4.4.3/platform/Device/SiliconLabs/EFR32MG24/Source/system_efr32mg24.o
 .ARM.attributes
                0x00000130       0x3a ./gecko_sdk_4.4.3/platform/common/src/sl_assert.o
 .ARM.attributes
                0x0000016a       0x3a ./gecko_sdk_4.4.3/platform/common/src/sl_syscalls.o
 .ARM.attributes
                0x000001a4       0x3a ./gecko_sdk_4.4.3/platform/common/toolchain/src/sl_memory.o
 .ARM.attributes
                0x000001de       0x3a ./gecko_sdk_4.4.3/platform/emlib/src/em_cmu.o
 .ARM.attributes
                0x00000218       0x3a ./gecko_sdk_4.4.3/platform/emlib/src/em_core.o
 .ARM.attributes
                0x00000252       0x3a ./gecko_sdk_4.4.3/platform/emlib/src/em_gpio.o
 .ARM.attributes
                0x0000028c       0x3a ./gecko_sdk_4.4.3/platform/emlib/src/em_usart.o
 .ARM.attributes
                0x000002c6       0x38 c:/siliconlabs/simplicitystudio/v5/developer/toolchains/gnu_arm/12.2.rel1_2023.7/bin/../lib/gcc/arm-none-eabi/12.2.1/thumb/v8-m.main+fp/hard\libc_nano.a(libc_a-exit.o)
 .ARM.attributes
                0x000002fe       0x38 c:/siliconlabs/simplicitystudio/v5/developer/toolchains/gnu_arm/12.2.rel1_2023.7/bin/../lib/gcc/arm-none-eabi/12.2.1/thumb/v8-m.main+fp/hard\libc_nano.a(libc_a-findfp.o)
 .ARM.attributes
                0x00000336       0x38 c:/siliconlabs/simplicitystudio/v5/developer/toolchains/gnu_arm/12.2.rel1_2023.7/bin/../lib/gcc/arm-none-eabi/12.2.1/thumb/v8-m.main+fp/hard\libc_nano.a(libc_a-memset.o)
 .ARM.attributes
                0x0000036e       0x38 c:/siliconlabs/simplicitystudio/v5/developer/toolchains/gnu_arm/12.2.rel1_2023.7/bin/../lib/gcc/arm-none-eabi/12.2.1/thumb/v8-m.main+fp/hard\libc_nano.a(libc_a-init.o)
 .ARM.attributes
                0x000003a6       0x17 c:/siliconlabs/simplicitystudio/v5/developer/toolchains/gnu_arm/12.2.rel1_2023.7/bin/../lib/gcc/arm-none-eabi/12.2.1/thumb/v8-m.main+fp/hard\libc_nano.a(libc_a-strlen.o)
 .ARM.attributes
                0x000003bd       0x38 c:/siliconlabs/simplicitystudio/v5/developer/toolchains/gnu_arm/12.2.rel1_2023.7/bin/../lib/gcc/arm-none-eabi/12.2.1/thumb/v8-m.main+fp/hard/crtend.o
 .ARM.attributes
                0x000003f5       0x26 c:/siliconlabs/simplicitystudio/v5/developer/toolchains/gnu_arm/12.2.rel1_2023.7/bin/../lib/gcc/arm-none-eabi/12.2.1/thumb/v8-m.main+fp/hard/crtn.o

.comment        0x00000000       0x45
 .comment       0x00000000       0x45 ./main.o
                                 0x46 (size before relaxing)
 .comment       0x00000045       0x46 ./gecko_sdk_4.4.3/platform/Device/SiliconLabs/EFR32MG24/Source/startup_efr32mg24.o
 .comment       0x00000045       0x46 ./gecko_sdk_4.4.3/platform/Device/SiliconLabs/EFR32MG24/Source/system_efr32mg24.o
 .comment       0x00000045       0x46 ./gecko_sdk_4.4.3/platform/common/src/sl_assert.o
 .comment       0x00000045       0x46 ./gecko_sdk_4.4.3/platform/common/src/sl_syscalls.o
 .comment       0x00000045       0x46 ./gecko_sdk_4.4.3/platform/common/toolchain/src/sl_memory.o
 .comment       0x00000045       0x46 ./gecko_sdk_4.4.3/platform/emlib/src/em_cmu.o
 .comment       0x00000045       0x46 ./gecko_sdk_4.4.3/platform/emlib/src/em_core.o
 .comment       0x00000045       0x46 ./gecko_sdk_4.4.3/platform/emlib/src/em_gpio.o
 .comment       0x00000045       0x46 ./gecko_sdk_4.4.3/platform/emlib/src/em_usart.o

.debug_line_str
                0x00000000      0x1d6
 .debug_line_str
                0x00000000       0xe7 c:/siliconlabs/simplicitystudio/v5/developer/toolchains/gnu_arm/12.2.rel1_2023.7/bin/../lib/gcc/arm-none-eabi/12.2.1/thumb/v8-m.main+fp/hard/crt0.o
 .debug_line_str
                0x000000e7       0xef c:/siliconlabs/simplicitystudio/v5/developer/toolchains/gnu_arm/12.2.rel1_2023.7/bin/../lib/gcc/arm-none-eabi/12.2.1/thumb/v8-m.main+fp/hard\libc_nano.a(libc_a-strlen.o)

.debug_info     0x00000000    0x187ac
 .debug_info    0x00000000     0x2b81 ./main.o
 .debug_info    0x00002b81      0x3a9 ./gecko_sdk_4.4.3/platform/Device/SiliconLabs/EFR32MG24/Source/startup_efr32mg24.o
 .debug_info    0x00002f2a     0x2478 ./gecko_sdk_4.4.3/platform/Device/SiliconLabs/EFR32MG24/Source/system_efr32mg24.o
 .debug_info    0x000053a2       0x86 ./gecko_sdk_4.4.3/platform/common/src/sl_assert.o
 .debug_info    0x00005428      0x306 ./gecko_sdk_4.4.3/platform/common/src/sl_syscalls.o
 .debug_info    0x0000572e      0x205 ./gecko_sdk_4.4.3/platform/common/toolchain/src/sl_memory.o
 .debug_info    0x00005933     0xa8af ./gecko_sdk_4.4.3/platform/emlib/src/em_cmu.o
 .debug_info    0x000101e2     0x1416 ./gecko_sdk_4.4.3/platform/emlib/src/em_core.o
 .debug_info    0x000115f8     0x2775 ./gecko_sdk_4.4.3/platform/emlib/src/em_gpio.o
 .debug_info    0x00013d6d     0x4a3f ./gecko_sdk_4.4.3/platform/emlib/src/em_usart.o

.debug_abbrev   0x00000000     0x1afd
 .debug_abbrev  0x00000000      0x360 ./main.o
 .debug_abbrev  0x00000360      0x22e ./gecko_sdk_4.4.3/platform/Device/SiliconLabs/EFR32MG24/Source/startup_efr32mg24.o
 .debug_abbrev  0x0000058e      0x34d ./gecko_sdk_4.4.3/platform/Device/SiliconLabs/EFR32MG24/Source/system_efr32mg24.o
 .debug_abbrev  0x000008db       0x6c ./gecko_sdk_4.4.3/platform/common/src/sl_assert.o
 .debug_abbrev  0x00000947      0x143 ./gecko_sdk_4.4.3/platform/common/src/sl_syscalls.o
 .debug_abbrev  0x00000a8a      0x11e ./gecko_sdk_4.4.3/platform/common/toolchain/src/sl_memory.o
 .debug_abbrev  0x00000ba8      0x5b2 ./gecko_sdk_4.4.3/platform/emlib/src/em_cmu.o
 .debug_abbrev  0x0000115a      0x32f ./gecko_sdk_4.4.3/platform/emlib/src/em_core.o
 .debug_abbrev  0x00001489      0x32f ./gecko_sdk_4.4.3/platform/emlib/src/em_gpio.o
 .debug_abbrev  0x000017b8      0x345 ./gecko_sdk_4.4.3/platform/emlib/src/em_usart.o

.debug_loc      0x00000000     0x6fd2
 .debug_loc     0x00000000      0x21f ./main.o
 .debug_loc     0x0000021f       0x8e ./gecko_sdk_4.4.3/platform/Device/SiliconLabs/EFR32MG24/Source/startup_efr32mg24.o
 .debug_loc     0x000002ad      0x2c0 ./gecko_sdk_4.4.3/platform/Device/SiliconLabs/EFR32MG24/Source/system_efr32mg24.o
 .debug_loc     0x0000056d       0x2a ./gecko_sdk_4.4.3/platform/common/src/sl_assert.o
 .debug_loc     0x00000597      0x118 ./gecko_sdk_4.4.3/platform/common/src/sl_syscalls.o
 .debug_loc     0x000006af       0xa9 ./gecko_sdk_4.4.3/platform/common/toolchain/src/sl_memory.o
 .debug_loc     0x00000758     0x4b25 ./gecko_sdk_4.4.3/platform/emlib/src/em_cmu.o
 .debug_loc     0x0000527d      0x9a9 ./gecko_sdk_4.4.3/platform/emlib/src/em_core.o
 .debug_loc     0x00005c26      0x93d ./gecko_sdk_4.4.3/platform/emlib/src/em_gpio.o
 .debug_loc     0x00006563      0xa6f ./gecko_sdk_4.4.3/platform/emlib/src/em_usart.o

.debug_aranges  0x00000000      0x5e0
 .debug_aranges
                0x00000000       0x58 ./main.o
 .debug_aranges
                0x00000058       0x30 ./gecko_sdk_4.4.3/platform/Device/SiliconLabs/EFR32MG24/Source/startup_efr32mg24.o
 .debug_aranges
                0x00000088       0x98 ./gecko_sdk_4.4.3/platform/Device/SiliconLabs/EFR32MG24/Source/system_efr32mg24.o
 .debug_aranges
                0x00000120       0x20 ./gecko_sdk_4.4.3/platform/common/src/sl_assert.o
 .debug_aranges
                0x00000140       0x68 ./gecko_sdk_4.4.3/platform/common/src/sl_syscalls.o
 .debug_aranges
                0x000001a8       0x30 ./gecko_sdk_4.4.3/platform/common/toolchain/src/sl_memory.o
 .debug_aranges
                0x000001d8      0x200 ./gecko_sdk_4.4.3/platform/emlib/src/em_cmu.o
 .debug_aranges
                0x000003d8       0xe8 ./gecko_sdk_4.4.3/platform/emlib/src/em_core.o
 .debug_aranges
                0x000004c0       0x68 ./gecko_sdk_4.4.3/platform/emlib/src/em_gpio.o
 .debug_aranges
                0x00000528       0xb8 ./gecko_sdk_4.4.3/platform/emlib/src/em_usart.o

.debug_ranges   0x00000000      0x8c0
 .debug_ranges  0x00000000       0x78 ./main.o
 .debug_ranges  0x00000078       0x88 ./gecko_sdk_4.4.3/platform/Device/SiliconLabs/EFR32MG24/Source/startup_efr32mg24.o
 .debug_ranges  0x00000100       0xa0 ./gecko_sdk_4.4.3/platform/Device/SiliconLabs/EFR32MG24/Source/system_efr32mg24.o
 .debug_ranges  0x000001a0       0x10 ./gecko_sdk_4.4.3/platform/common/src/sl_assert.o
 .debug_ranges  0x000001b0       0x58 ./gecko_sdk_4.4.3/platform/common/src/sl_syscalls.o
 .debug_ranges  0x00000208       0x20 ./gecko_sdk_4.4.3/platform/common/toolchain/src/sl_memory.o
 .debug_ranges  0x00000228      0x3e0 ./gecko_sdk_4.4.3/platform/emlib/src/em_cmu.o
 .debug_ranges  0x00000608      0x1a0 ./gecko_sdk_4.4.3/platform/emlib/src/em_core.o
 .debug_ranges  0x000007a8       0x70 ./gecko_sdk_4.4.3/platform/emlib/src/em_gpio.o
 .debug_ranges  0x00000818       0xa8 ./gecko_sdk_4.4.3/platform/emlib/src/em_usart.o

.debug_line     0x00000000     0x66a9
 .debug_line    0x00000000      0x6ce ./main.o
 .debug_line    0x000006ce      0x349 ./gecko_sdk_4.4.3/platform/Device/SiliconLabs/EFR32MG24/Source/startup_efr32mg24.o
 .debug_line    0x00000a17      0x640 ./gecko_sdk_4.4.3/platform/Device/SiliconLabs/EFR32MG24/Source/system_efr32mg24.o
 .debug_line    0x00001057       0xb0 ./gecko_sdk_4.4.3/platform/common/src/sl_assert.o
 .debug_line    0x00001107      0x1b0 ./gecko_sdk_4.4.3/platform/common/src/sl_syscalls.o
 .debug_line    0x000012b7      0x308 ./gecko_sdk_4.4.3/platform/common/toolchain/src/sl_memory.o
 .debug_line    0x000015bf     0x32d9 ./gecko_sdk_4.4.3/platform/emlib/src/em_cmu.o
 .debug_line    0x00004898      0xac0 ./gecko_sdk_4.4.3/platform/emlib/src/em_core.o
 .debug_line    0x00005358      0x6df ./gecko_sdk_4.4.3/platform/emlib/src/em_gpio.o
 .debug_line    0x00005a37      0xc72 ./gecko_sdk_4.4.3/platform/emlib/src/em_usart.o

.debug_str      0x00000000     0x81bd
 .debug_str     0x00000000     0x213a ./main.o
                               0x2357 (size before relaxing)
 .debug_str     0x0000213a      0x1d4 ./gecko_sdk_4.4.3/platform/Device/SiliconLabs/EFR32MG24/Source/startup_efr32mg24.o
                                0x3a4 (size before relaxing)
 .debug_str     0x0000230e      0xdcf ./gecko_sdk_4.4.3/platform/Device/SiliconLabs/EFR32MG24/Source/system_efr32mg24.o
                               0x1796 (size before relaxing)
 .debug_str     0x000030dd       0x72 ./gecko_sdk_4.4.3/platform/common/src/sl_assert.o
                                0x1a8 (size before relaxing)
 .debug_str     0x0000314f       0xbd ./gecko_sdk_4.4.3/platform/common/src/sl_syscalls.o
                                0x288 (size before relaxing)
 .debug_str     0x0000320c      0x102 ./gecko_sdk_4.4.3/platform/common/toolchain/src/sl_memory.o
                                0x2e2 (size before relaxing)
 .debug_str     0x0000330e     0x457d ./gecko_sdk_4.4.3/platform/emlib/src/em_cmu.o
                               0x6582 (size before relaxing)
 .debug_str     0x0000788b      0x350 ./gecko_sdk_4.4.3/platform/emlib/src/em_core.o
                                0xb52 (size before relaxing)
 .debug_str     0x00007bdb      0x157 ./gecko_sdk_4.4.3/platform/emlib/src/em_gpio.o
                               0x16d8 (size before relaxing)
 .debug_str     0x00007d32      0x48b ./gecko_sdk_4.4.3/platform/emlib/src/em_usart.o
                               0x458d (size before relaxing)

.debug_frame    0x00000000     0x1114
 .debug_frame   0x00000000       0xcc ./main.o
 .debug_frame   0x000000cc       0x48 ./gecko_sdk_4.4.3/platform/Device/SiliconLabs/EFR32MG24/Source/startup_efr32mg24.o
 .debug_frame   0x00000114      0x128 ./gecko_sdk_4.4.3/platform/Device/SiliconLabs/EFR32MG24/Source/system_efr32mg24.o
 .debug_frame   0x0000023c       0x20 ./gecko_sdk_4.4.3/platform/common/src/sl_assert.o
 .debug_frame   0x0000025c       0xb0 ./gecko_sdk_4.4.3/platform/common/src/sl_syscalls.o
 .debug_frame   0x0000030c       0x40 ./gecko_sdk_4.4.3/platform/common/toolchain/src/sl_memory.o
 .debug_frame   0x0000034c      0x66c ./gecko_sdk_4.4.3/platform/emlib/src/em_cmu.o
 .debug_frame   0x000009b8      0x250 ./gecko_sdk_4.4.3/platform/emlib/src/em_core.o
 .debug_frame   0x00000c08      0x168 ./gecko_sdk_4.4.3/platform/emlib/src/em_gpio.o
 .debug_frame   0x00000d70      0x1ec ./gecko_sdk_4.4.3/platform/emlib/src/em_usart.o
 .debug_frame   0x00000f5c       0x28 c:/siliconlabs/simplicitystudio/v5/developer/toolchains/gnu_arm/12.2.rel1_2023.7/bin/../lib/gcc/arm-none-eabi/12.2.1/thumb/v8-m.main+fp/hard\libc_nano.a(libc_a-exit.o)
 .debug_frame   0x00000f84      0x144 c:/siliconlabs/simplicitystudio/v5/developer/toolchains/gnu_arm/12.2.rel1_2023.7/bin/../lib/gcc/arm-none-eabi/12.2.1/thumb/v8-m.main+fp/hard\libc_nano.a(libc_a-findfp.o)
 .debug_frame   0x000010c8       0x20 c:/siliconlabs/simplicitystudio/v5/developer/toolchains/gnu_arm/12.2.rel1_2023.7/bin/../lib/gcc/arm-none-eabi/12.2.1/thumb/v8-m.main+fp/hard\libc_nano.a(libc_a-memset.o)
 .debug_frame   0x000010e8       0x2c c:/siliconlabs/simplicitystudio/v5/developer/toolchains/gnu_arm/12.2.rel1_2023.7/bin/../lib/gcc/arm-none-eabi/12.2.1/thumb/v8-m.main+fp/hard\libc_nano.a(libc_a-init.o)
