Archive member included to satisfy reference by file (symbol)

c:/siliconlabs/simplicitystudio/v5/developer/toolchains/gnu_arm/12.2.rel1_2023.7/bin/../lib/gcc/arm-none-eabi/12.2.1/thumb/v8-m.main+fp/hard\libgcc.a(_aeabi_ldivmod.o)
                              ./gecko_sdk_4.4.3/platform/emlib/src/em_eusart.o (__aeabi_ldivmod)
c:/siliconlabs/simplicitystudio/v5/developer/toolchains/gnu_arm/12.2.rel1_2023.7/bin/../lib/gcc/arm-none-eabi/12.2.1/thumb/v8-m.main+fp/hard\libgcc.a(_aeabi_uldivmod.o)
                              ./gecko_sdk_4.4.3/platform/emlib/src/em_eusart.o (__aeabi_uldivmod)
c:/siliconlabs/simplicitystudio/v5/developer/toolchains/gnu_arm/12.2.rel1_2023.7/bin/../lib/gcc/arm-none-eabi/12.2.1/thumb/v8-m.main+fp/hard\libgcc.a(_udivmoddi4.o)
                              c:/siliconlabs/simplicitystudio/v5/developer/toolchains/gnu_arm/12.2.rel1_2023.7/bin/../lib/gcc/arm-none-eabi/12.2.1/thumb/v8-m.main+fp/hard\libgcc.a(_aeabi_ldivmod.o) (__udivmoddi4)
c:/siliconlabs/simplicitystudio/v5/developer/toolchains/gnu_arm/12.2.rel1_2023.7/bin/../lib/gcc/arm-none-eabi/12.2.1/thumb/v8-m.main+fp/hard\libgcc.a(_dvmd_tls.o)
                              c:/siliconlabs/simplicitystudio/v5/developer/toolchains/gnu_arm/12.2.rel1_2023.7/bin/../lib/gcc/arm-none-eabi/12.2.1/thumb/v8-m.main+fp/hard\libgcc.a(_aeabi_ldivmod.o) (__aeabi_ldiv0)
c:/siliconlabs/simplicitystudio/v5/developer/toolchains/gnu_arm/12.2.rel1_2023.7/bin/../lib/gcc/arm-none-eabi/12.2.1/thumb/v8-m.main+fp/hard\libc_nano.a(libc_a-exit.o)
                              c:/siliconlabs/simplicitystudio/v5/developer/toolchains/gnu_arm/12.2.rel1_2023.7/bin/../lib/gcc/arm-none-eabi/12.2.1/thumb/v8-m.main+fp/hard/crt0.o (exit)
c:/siliconlabs/simplicitystudio/v5/developer/toolchains/gnu_arm/12.2.rel1_2023.7/bin/../lib/gcc/arm-none-eabi/12.2.1/thumb/v8-m.main+fp/hard\libc_nano.a(libc_a-ctype_.o)
                              ./gecko_sdk_4.4.3/platform/common/src/sl_string.o (_ctype_)
c:/siliconlabs/simplicitystudio/v5/developer/toolchains/gnu_arm/12.2.rel1_2023.7/bin/../lib/gcc/arm-none-eabi/12.2.1/thumb/v8-m.main+fp/hard\libc_nano.a(libc_a-findfp.o)
                              c:/siliconlabs/simplicitystudio/v5/developer/toolchains/gnu_arm/12.2.rel1_2023.7/bin/../lib/gcc/arm-none-eabi/12.2.1/thumb/v8-m.main+fp/hard\libc_nano.a(libc_a-exit.o) (__stdio_exit_handler)
c:/siliconlabs/simplicitystudio/v5/developer/toolchains/gnu_arm/12.2.rel1_2023.7/bin/../lib/gcc/arm-none-eabi/12.2.1/thumb/v8-m.main+fp/hard\libc_nano.a(libc_a-fwalk.o)
                              c:/siliconlabs/simplicitystudio/v5/developer/toolchains/gnu_arm/12.2.rel1_2023.7/bin/../lib/gcc/arm-none-eabi/12.2.1/thumb/v8-m.main+fp/hard\libc_nano.a(libc_a-findfp.o) (_fwalk_sglue)
c:/siliconlabs/simplicitystudio/v5/developer/toolchains/gnu_arm/12.2.rel1_2023.7/bin/../lib/gcc/arm-none-eabi/12.2.1/thumb/v8-m.main+fp/hard\libc_nano.a(libc_a-getchar.o)
                              ./app_iostream_eusart.o (getchar)
c:/siliconlabs/simplicitystudio/v5/developer/toolchains/gnu_arm/12.2.rel1_2023.7/bin/../lib/gcc/arm-none-eabi/12.2.1/thumb/v8-m.main+fp/hard\libc_nano.a(libc_a-printf.o)
                              ./app_iostream_eusart.o (printf)
c:/siliconlabs/simplicitystudio/v5/developer/toolchains/gnu_arm/12.2.rel1_2023.7/bin/../lib/gcc/arm-none-eabi/12.2.1/thumb/v8-m.main+fp/hard\libc_nano.a(libc_a-putchar.o)
                              ./app_iostream_eusart.o (putchar)
c:/siliconlabs/simplicitystudio/v5/developer/toolchains/gnu_arm/12.2.rel1_2023.7/bin/../lib/gcc/arm-none-eabi/12.2.1/thumb/v8-m.main+fp/hard\libc_nano.a(libc_a-puts.o)
                              ./app_iostream_eusart.o (puts)
c:/siliconlabs/simplicitystudio/v5/developer/toolchains/gnu_arm/12.2.rel1_2023.7/bin/../lib/gcc/arm-none-eabi/12.2.1/thumb/v8-m.main+fp/hard\libc_nano.a(libc_a-setvbuf.o)
                              ./app_iostream_eusart.o (setvbuf)
c:/siliconlabs/simplicitystudio/v5/developer/toolchains/gnu_arm/12.2.rel1_2023.7/bin/../lib/gcc/arm-none-eabi/12.2.1/thumb/v8-m.main+fp/hard\libc_nano.a(libc_a-stdio.o)
                              c:/siliconlabs/simplicitystudio/v5/developer/toolchains/gnu_arm/12.2.rel1_2023.7/bin/../lib/gcc/arm-none-eabi/12.2.1/thumb/v8-m.main+fp/hard\libc_nano.a(libc_a-findfp.o) (__sread)
c:/siliconlabs/simplicitystudio/v5/developer/toolchains/gnu_arm/12.2.rel1_2023.7/bin/../lib/gcc/arm-none-eabi/12.2.1/thumb/v8-m.main+fp/hard\libc_nano.a(libc_a-vprintf.o)
                              ./gecko_sdk_4.4.3/platform/service/iostream/src/sl_iostream.o (vprintf)
c:/siliconlabs/simplicitystudio/v5/developer/toolchains/gnu_arm/12.2.rel1_2023.7/bin/../lib/gcc/arm-none-eabi/12.2.1/thumb/v8-m.main+fp/hard\libc_nano.a(libc_a-wbuf.o)
                              c:/siliconlabs/simplicitystudio/v5/developer/toolchains/gnu_arm/12.2.rel1_2023.7/bin/../lib/gcc/arm-none-eabi/12.2.1/thumb/v8-m.main+fp/hard\libc_nano.a(libc_a-puts.o) (__swbuf_r)
[...]
Memory Configuration

Name             Origin             Length             Attributes
FLASH            0x08000000         0x0017e000         xr
RAM              0x20000000         0x00040000         xrw
*default*        0x00000000         0xffffffff

Linker script and memory map

LOAD c:/siliconlabs/simplicitystudio/v5/developer/toolchains/gnu_arm/12.2.rel1_2023.7/bin/../lib/gcc/arm-none-eabi/12.2.1/thumb/v8-m.main+fp/hard/crti.o
LOAD c:/siliconlabs/simplicitystudio/v5/developer/toolchains/gnu_arm/12.2.rel1_2023.7/bin/../lib/gcc/arm-none-eabi/12.2.1/thumb/v8-m.main+fp/hard/crtbegin.o
LOAD c:/siliconlabs/simplicitystudio/v5/developer/toolchains/gnu_arm/12.2.rel1_2023.7/bin/../lib/gcc/arm-none-eabi/12.2.1/thumb/v8-m.main+fp/hard/crt0.o
START GROUP
LOAD ./app.o
LOAD ./app_iostream_eusart.o
LOAD ./main.o
LOAD ./autogen/sl_board_default_init.o
LOAD ./autogen/sl_device_init_clocks.o
LOAD ./autogen/sl_event_handler.o
LOAD ./autogen/sl_iostream_handles.o
LOAD ./autogen/sl_iostream_init_eusart_instances.o
LOAD ./gecko_sdk_4.4.3/hardware/board/src/sl_board_control_gpio.o
LOAD ./gecko_sdk_4.4.3/hardware/board/src/sl_board_init.o
LOAD ./gecko_sdk_4.4.3/hardware/driver/configuration_over_swo/src/sl_cos.o
LOAD ./gecko_sdk_4.4.3/hardware/driver/mx25_flash_shutdown/src/sl_mx25_flash_shutdown_usart/sl_mx25_flash_shutdown.o
LOAD ./gecko_sdk_4.4.3/platform/Device/SiliconLabs/EFR32MG24/Source/startup_efr32mg24.o
LOAD ./gecko_sdk_4.4.3/platform/Device/SiliconLabs/EFR32MG24/Source/system_efr32mg24.o
LOAD ./gecko_sdk_4.4.3/platform/common/src/sl_assert.o
LOAD ./gecko_sdk_4.4.3/platform/common/src/sl_slist.o
LOAD ./gecko_sdk_4.4.3/platform/common/src/sl_string.o
LOAD ./gecko_sdk_4.4.3/platform/common/src/sl_syscalls.o
LOAD ./gecko_sdk_4.4.3/platform/common/toolchain/src/sl_memory.o
LOAD ./gecko_sdk_4.4.3/platform/driver/debug/src/sl_debug_swo.o
LOAD ./gecko_sdk_4.4.3/platform/emdrv/dmadrv/src/dmadrv.o
LOAD ./gecko_sdk_4.4.3/platform/emlib/src/em_cmu.o
LOAD ./gecko_sdk_4.4.3/platform/emlib/src/em_core.o
LOAD ./gecko_sdk_4.4.3/platform/emlib/src/em_emu.o
LOAD ./gecko_sdk_4.4.3/platform/emlib/src/em_eusart.o
LOAD ./gecko_sdk_4.4.3/platform/emlib/src/em_gpio.o
LOAD ./gecko_sdk_4.4.3/platform/emlib/src/em_ldma.o
LOAD ./gecko_sdk_4.4.3/platform/emlib/src/em_msc.o
LOAD ./gecko_sdk_4.4.3/platform/emlib/src/em_system.o
LOAD ./gecko_sdk_4.4.3/platform/emlib/src/em_usart.o
LOAD ./gecko_sdk_4.4.3/platform/service/device_init/src/sl_device_init_dcdc_s2.o
LOAD ./gecko_sdk_4.4.3/platform/service/device_init/src/sl_device_init_emu_s2.o
LOAD ./gecko_sdk_4.4.3/platform/service/device_init/src/sl_device_init_hfxo_s2.o
LOAD ./gecko_sdk_4.4.3/platform/service/device_init/src/sl_device_init_lfxo_s2.o
LOAD ./gecko_sdk_4.4.3/platform/service/device_init/src/sl_device_init_nvic.o
LOAD ./gecko_sdk_4.4.3/platform/service/iostream/src/sl_iostream.o
LOAD ./gecko_sdk_4.4.3/platform/service/iostream/src/sl_iostream_eusart.o
LOAD ./gecko_sdk_4.4.3/platform/service/iostream/src/sl_iostream_retarget_stdio.o
LOAD ./gecko_sdk_4.4.3/platform/service/iostream/src/sl_iostream_uart.o
LOAD ./gecko_sdk_4.4.3/platform/service/system/src/sl_system_init.o
LOAD ./gecko_sdk_4.4.3/platform/service/system/src/sl_system_process_action.o
LOAD ./gecko_sdk_4.4.3/platform/service/udelay/src/sl_udelay.o
LOAD ./gecko_sdk_4.4.3/platform/service/udelay/src/sl_udelay_armv6m_gcc.o
LOAD c:/siliconlabs/simplicitystudio/v5/developer/toolchains/gnu_arm/12.2.rel1_2023.7/bin/../lib/gcc/arm-none-eabi/12.2.1/thumb/v8-m.main+fp/hard\libgcc.a
LOAD c:/siliconlabs/simplicitystudio/v5/developer/toolchains/gnu_arm/12.2.rel1_2023.7/bin/../lib/gcc/arm-none-eabi/12.2.1/thumb/v8-m.main+fp/hard\libc_nano.a
LOAD c:/siliconlabs/simplicitystudio/v5/developer/toolchains/gnu_arm/12.2.rel1_2023.7/bin/../lib/gcc/arm-none-eabi/12.2.1/thumb/v8-m.main+fp/hard\libm.a
LOAD c:/siliconlabs/simplicitystudio/v5/developer/toolchains/gnu_arm/12.2.rel1_2023.7/bin/../lib/gcc/arm-none-eabi/12.2.1/thumb/v8-m.main+fp/hard\libnosys.a
END GROUP
START GROUP
LOAD c:/siliconlabs/simplicitystudio/v5/developer/toolchains/gnu_arm/12.2.rel1_2023.7/bin/../lib/gcc/arm-none-eabi/12.2.1/thumb/v8-m.main+fp/hard\libgcc.a
LOAD c:/siliconlabs/simplicitystudio/v5/developer/toolchains/gnu_arm/12.2.rel1_2023.7/bin/../lib/gcc/arm-none-eabi/12.2.1/thumb/v8-m.main+fp/hard\libc_nano.a
LOAD c:/siliconlabs/simplicitystudio/v5/developer/toolchains/gnu_arm/12.2.rel1_2023.7/bin/../lib/gcc/arm-none-eabi/12.2.1/thumb/v8-m.main+fp/hard\libnosys.a
END GROUP
START GROUP
LOAD c:/siliconlabs/simplicitystudio/v5/developer/toolchains/gnu_arm/12.2.rel1_2023.7/bin/../lib/gcc/arm-none-eabi/12.2.1/thumb/v8-m.main+fp/hard\libgcc.a
LOAD c:/siliconlabs/simplicitystudio/v5/developer/toolchains/gnu_arm/12.2.rel1_2023.7/bin/../lib/gcc/arm-none-eabi/12.2.1/thumb/v8-m.main+fp/hard\libg_nano.a
LOAD c:/siliconlabs/simplicitystudio/v5/developer/toolchains/gnu_arm/12.2.rel1_2023.7/bin/../lib/gcc/arm-none-eabi/12.2.1/thumb/v8-m.main+fp/hard\libc_nano.a
END GROUP
START GROUP
LOAD c:/siliconlabs/simplicitystudio/v5/developer/toolchains/gnu_arm/12.2.rel1_2023.7/bin/../lib/gcc/arm-none-eabi/12.2.1/thumb/v8-m.main+fp/hard\libgcc.a
LOAD c:/siliconlabs/simplicitystudio/v5/developer/toolchains/gnu_arm/12.2.rel1_2023.7/bin/../lib/gcc/arm-none-eabi/12.2.1/thumb/v8-m.main+fp/hard\libc_nano.a
END GROUP
LOAD c:/siliconlabs/simplicitystudio/v5/developer/toolchains/gnu_arm/12.2.rel1_2023.7/bin/../lib/gcc/arm-none-eabi/12.2.1/thumb/v8-m.main+fp/hard/crtend.o
LOAD c:/siliconlabs/simplicitystudio/v5/developer/toolchains/gnu_arm/12.2.rel1_2023.7/bin/../lib/gcc/arm-none-eabi/12.2.1/thumb/v8-m.main+fp/hard/crtn.o

.text           0x08000000     0x17f8
                0x08000000                linker_vectors_begin = .
 *(.vectors)
 .vectors       0x08000000      0x170 ./gecko_sdk_4.4.3/platform/Device/SiliconLabs/EFR32MG24/Source/startup_efr32mg24.o
                0x08000000                __Vectors
                0x08000170                linker_vectors_end = .
                0x08000170                __Vectors_End = .
                0x08000170                __Vectors_Size = (__Vectors_End - __Vectors)
                0x08000170                linker_code_begin = .
 *(SORT_BY_ALIGNMENT(.text*))
 .text.deregister_tm_clones
                0x08000170       0x1c c:/siliconlabs/simplicitystudio/v5/developer/toolchains/gnu_arm/12.2.rel1_2023.7/bin/../lib/gcc/arm-none-eabi/12.2.1/thumb/v8-m.main+fp/hard/crtbegin.o
 .text.register_tm_clones
                0x0800018c       0x28 c:/siliconlabs/simplicitystudio/v5/developer/toolchains/gnu_arm/12.2.rel1_2023.7/bin/../lib/gcc/arm-none-eabi/12.2.1/thumb/v8-m.main+fp/hard/crtbegin.o
 .text.__do_global_dtors_aux
                0x080001b4       0x28 c:/siliconlabs/simplicitystudio/v5/developer/toolchains/gnu_arm/12.2.rel1_2023.7/bin/../lib/gcc/arm-none-eabi/12.2.1/thumb/v8-m.main+fp/hard/crtbegin.o
 .text.frame_dummy
                0x080001dc       0x24 c:/siliconlabs/simplicitystudio/v5/developer/toolchains/gnu_arm/12.2.rel1_2023.7/bin/../lib/gcc/arm-none-eabi/12.2.1/thumb/v8-m.main+fp/hard/crtbegin.o
 .text          0x08000200       0x7c c:/siliconlabs/simplicitystudio/v5/developer/toolchains/gnu_arm/12.2.rel1_2023.7/bin/../lib/gcc/arm-none-eabi/12.2.1/thumb/v8-m.main+fp/hard/crt0.o
                0x08000200                _stack_init
                0x08000208                _start
                0x08000208                _mainCRTStartup
 .text.EUSART1_init
                0x0800027c       0x98 ./main.o
                0x0800027c                EUSART1_init
 .text.EUSART1_RX_IRQHandler
                0x08000314       0x64 ./main.o
                0x08000314                EUSART1_RX_IRQHandler
 .text.EUSART_SendChar
                0x08000378       0x10 ./main.o
                0x08000378                EUSART_SendChar
 .text.startup.main
                0x08000388       0x3c ./main.o
                0x08000388                main
 .text.EUSART0_RX_IRQHandler
                0x080003c4        0xc ./autogen/sl_iostream_init_eusart_instances.o
                0x080003c4                EUSART0_RX_IRQHandler
 .text.CopyRamFuncs
                0x080003d0       0x1c ./gecko_sdk_4.4.3/platform/Device/SiliconLabs/EFR32MG24/Source/startup_efr32mg24.o
                0x080003d0                CopyRamFuncs
 .text.Reset_Handler
                0x080003ec       0x64 ./gecko_sdk_4.4.3/platform/Device/SiliconLabs/EFR32MG24/Source/startup_efr32mg24.o
                0x080003ec                Reset_Handler
 .text.SystemInit
                0x08000450       0x68 ./gecko_sdk_4.4.3/platform/Device/SiliconLabs/EFR32MG24/Source/system_efr32mg24.o
                0x08000450                SystemInit
 .text.SystemHFRCODPLLClockGet
                0x080004b8        0xc ./gecko_sdk_4.4.3/platform/Device/SiliconLabs/EFR32MG24/Source/system_efr32mg24.o
                0x080004b8                SystemHFRCODPLLClockGet
 .text.SystemSYSCLKGet
                0x080004c4       0x34 ./gecko_sdk_4.4.3/platform/Device/SiliconLabs/EFR32MG24/Source/system_efr32mg24.o
                0x080004c4                SystemSYSCLKGet
 .text.SystemHCLKGet
                0x080004f8       0x24 ./gecko_sdk_4.4.3/platform/Device/SiliconLabs/EFR32MG24/Source/system_efr32mg24.o
                0x080004f8                SystemHCLKGet
 .text.SystemHFXOClockGet
                0x0800051c        0xc ./gecko_sdk_4.4.3/platform/Device/SiliconLabs/EFR32MG24/Source/system_efr32mg24.o
                0x0800051c                SystemHFXOClockGet
 .text.SystemFSRCOClockGet
                0x08000528        0x8 ./gecko_sdk_4.4.3/platform/Device/SiliconLabs/EFR32MG24/Source/system_efr32mg24.o
                0x08000528                SystemFSRCOClockGet
 .text.SystemHFRCOEM23ClockGet
                0x08000530       0x84 ./gecko_sdk_4.4.3/platform/Device/SiliconLabs/EFR32MG24/Source/system_efr32mg24.o
                0x08000530                SystemHFRCOEM23ClockGet
 .text.SystemLFXOClockGet
                0x080005b4        0xc ./gecko_sdk_4.4.3/platform/Device/SiliconLabs/EFR32MG24/Source/system_efr32mg24.o
                0x080005b4                SystemLFXOClockGet
 .text.LDMA_IRQHandler
                0x080005c0       0x74 ./gecko_sdk_4.4.3/platform/emdrv/dmadrv/src/dmadrv.o
                0x080005c0                LDMA_IRQHandler
 .text.traceClkGet
                0x08000634       0x54 ./gecko_sdk_4.4.3/platform/emlib/src/em_cmu.o
 .text.em01GrpaClkGet
                0x08000688       0x74 ./gecko_sdk_4.4.3/platform/emlib/src/em_cmu.o
 .text.em01GrpcClkGet
                0x080006fc       0x70 ./gecko_sdk_4.4.3/platform/emlib/src/em_cmu.o
 .text.iadcClkGet
                0x0800076c       0x60 ./gecko_sdk_4.4.3/platform/emlib/src/em_cmu.o
 .text.eusart0ClkGet
                0x080007cc       0x74 ./gecko_sdk_4.4.3/platform/emlib/src/em_cmu.o
 .text.em23GrpaClkGet
                0x08000840       0x48 ./gecko_sdk_4.4.3/platform/emlib/src/em_cmu.o
 .text.vdac0ClkGet
                0x08000888       0x70 ./gecko_sdk_4.4.3/platform/emlib/src/em_cmu.o
 .text.vdac1ClkGet
                0x080008f8       0x70 ./gecko_sdk_4.4.3/platform/emlib/src/em_cmu.o
 .text.pcnt0ClkGet
                0x08000968       0x4c ./gecko_sdk_4.4.3/platform/emlib/src/em_cmu.o
 .text.wdog0ClkGet
                0x080009b4       0x64 ./gecko_sdk_4.4.3/platform/emlib/src/em_cmu.o
 .text.wdog1ClkGet
                0x08000a18       0x64 ./gecko_sdk_4.4.3/platform/emlib/src/em_cmu.o
 .text.sysrtcClkGet
                0x08000a7c       0x48 ./gecko_sdk_4.4.3/platform/emlib/src/em_cmu.o
 .text.em4GrpaClkGet
                0x08000ac4       0x48 ./gecko_sdk_4.4.3/platform/emlib/src/em_cmu.o
 .text.CMU_ClockDivGet
                0x08000b0c       0x78 ./gecko_sdk_4.4.3/platform/emlib/src/em_cmu.o
                0x08000b0c                CMU_ClockDivGet
 .text.CMU_ClockEnable
                0x08000b84       0x50 ./gecko_sdk_4.4.3/platform/emlib/src/em_cmu.o
                0x08000b84                CMU_ClockEnable
 .text.CMU_ClockFreqGet
                0x08000bd4      0x204 ./gecko_sdk_4.4.3/platform/emlib/src/em_cmu.o
                0x08000bd4                CMU_ClockFreqGet
 .text.EUSART_Reset
                0x08000dd8       0x54 ./gecko_sdk_4.4.3/platform/emlib/src/em_eusart.o
                0x08000dd8                EUSART_Reset
 .text.EUSART_Enable
                0x08000e2c       0x6c ./gecko_sdk_4.4.3/platform/emlib/src/em_eusart.o
                0x08000e2c                EUSART_Enable
 .text.EUSART_BaudrateSet
                0x08000e98      0x1cc ./gecko_sdk_4.4.3/platform/emlib/src/em_eusart.o
                0x08000e98                EUSART_BaudrateSet
 .text.EUSART_AsyncInitCommon
                0x08001064      0x23c ./gecko_sdk_4.4.3/platform/emlib/src/em_eusart.o
 .text.EUSART_UartInitHf
                0x080012a0       0x5c ./gecko_sdk_4.4.3/platform/emlib/src/em_eusart.o
                0x080012a0                EUSART_UartInitHf
 .text.GPIO_PinOutSet
                0x080012fc       0x3c ./gecko_sdk_4.4.3/platform/emlib/src/em_gpio.o
 .text.GPIO_PinOutClear
                0x08001338       0x3c ./gecko_sdk_4.4.3/platform/emlib/src/em_gpio.o
 .text.GPIO_PinModeSet
                0x08001374       0x94 ./gecko_sdk_4.4.3/platform/emlib/src/em_gpio.o
                0x08001374                GPIO_PinModeSet
 .text.exit     0x08001408       0x24 c:/siliconlabs/simplicitystudio/v5/developer/toolchains/gnu_arm/12.2.rel1_2023.7/bin/../lib/gcc/arm-none-eabi/12.2.1/thumb/v8-m.main+fp/hard\libc_nano.a(libc_a-exit.o)
                0x08001408                exit
 .text.__libc_init_array
                0x0800142c       0x48 c:/siliconlabs/simplicitystudio/v5/developer/toolchains/gnu_arm/12.2.rel1_2023.7/bin/../lib/gcc/arm-none-eabi/12.2.1/thumb/v8-m.main+fp/hard\libc_nano.a(libc_a-init.o)
                0x0800142c                __libc_init_array
 .text.delay    0x08001474       0x12 ./main.o
                0x08001474                delay
 .text.EUSART_SendString
                0x08001486       0x24 ./main.o
                0x08001486                EUSART_SendString
 .text.EUSART0_TX_IRQHandler
                0x080014aa        0x4 ./autogen/sl_iostream_init_eusart_instances.o
                0x080014aa                EUSART0_TX_IRQHandler
 .text.Default_Handler
                0x080014ae        0x2 ./gecko_sdk_4.4.3/platform/Device/SiliconLabs/EFR32MG24/Source/startup_efr32mg24.o
                0x080014ae                ULFRCO_IRQHandler
                0x080014ae                AHB2AHB1_IRQHandler
                0x080014ae                SW2_IRQHandler
                0x080014ae                TIMER2_IRQHandler
                0x080014ae                DebugMon_Handler
                0x080014ae                USART0_TX_IRQHandler
                0x080014ae                IADC_IRQHandler
                0x080014ae                I2C0_IRQHandler
                0x080014ae                LFXO_IRQHandler
                0x080014ae                HardFault_Handler
                0x080014ae                SMU_SECURE_IRQHandler
                0x080014ae                SysTick_Handler
                0x080014ae                SYSRTC_SEQ_IRQHandler
                0x080014ae                EMUEFP_IRQHandler
                0x080014ae                PendSV_Handler
                0x080014ae                NMI_Handler
                0x080014ae                SYNTH_IRQHandler
                0x080014ae                HOSTMAILBOX_IRQHandler
                0x080014ae                HFXO0_IRQHandler
                0x080014ae                I2C1_IRQHandler
                0x080014ae                WDOG0_IRQHandler
                0x080014ae                TIMER3_IRQHandler
                0x080014ae                SYSCFG_IRQHandler
                0x080014ae                RFECA1_IRQHandler
                0x080014ae                EMUDG_IRQHandler
                0x080014ae                MSC_IRQHandler
                0x080014ae                DPLL0_IRQHandler
                0x080014ae                UsageFault_Handler
                0x080014ae                WDOG1_IRQHandler
                0x080014ae                M33CTI1_IRQHandler
                0x080014ae                TIMER4_IRQHandler
                0x080014ae                GPIO_EVEN_IRQHandler
                0x080014ae                VDAC0_IRQHandler
                0x080014ae                SEMBTX_IRQHandler
                0x080014ae                SW0_IRQHandler
                0x080014ae                TIMER0_IRQHandler
                0x080014ae                MVP_IRQHandler
                0x080014ae                LETIMER0_IRQHandler
                0x080014ae                TIMER1_IRQHandler
                0x080014ae                HFRCO0_IRQHandler
                0x080014ae                SecureFault_Handler
                0x080014ae                BUFC_IRQHandler
                0x080014ae                DCDC_IRQHandler
                0x080014ae                MODEM_IRQHandler
                0x080014ae                Default_Handler
                0x080014ae                RAC_SEQ_IRQHandler
                0x080014ae                FRC_PRI_IRQHandler
                0x080014ae                EMU_IRQHandler
                0x080014ae                SW3_IRQHandler
                0x080014ae                KERNEL0_IRQHandler
                0x080014ae                FRC_IRQHandler
                0x080014ae                PCNT0_IRQHandler
                0x080014ae                KERNEL1_IRQHandler
                0x080014ae                AGC_IRQHandler
                0x080014ae                EUSART1_TX_IRQHandler
                0x080014ae                KEYSCAN_IRQHandler
                0x080014ae                sl_app_properties
                0x080014ae                HFRCOEM23_IRQHandler
                0x080014ae                BURTC_IRQHandler
                0x080014ae                SEMBRX_IRQHandler
                0x080014ae                RFECA0_IRQHandler
                0x080014ae                LFRCO_IRQHandler
                0x080014ae                VDAC1_IRQHandler
                0x080014ae                ACMP0_IRQHandler
                0x080014ae                USART0_RX_IRQHandler
                0x080014ae                MemManage_Handler
                0x080014ae                AHB2AHB0_IRQHandler
                0x080014ae                SVC_Handler
                0x080014ae                SMU_S_PRIVILEGED_IRQHandler
                0x080014ae                SW1_IRQHandler
                0x080014ae                CMU_IRQHandler
                0x080014ae                RAC_RSM_IRQHandler
                0x080014ae                SETAMPERHOST_IRQHandler
                0x080014ae                GPIO_ODD_IRQHandler
                0x080014ae                AES_IRQHandler
                0x080014ae                M33CTI0_IRQHandler
                0x080014ae                ICACHE0_IRQHandler
                0x080014ae                SMU_NS_PRIVILEGED_IRQHandler
                0x080014ae                FPUEXH_IRQHandler
                0x080014ae                PROTIMER_IRQHandler
                0x080014ae                ACMP1_IRQHandler
                0x080014ae                BusFault_Handler
                0x080014ae                MPAHBRAM_IRQHandler
                0x080014ae                SYSRTC_APP_IRQHandler
 .text.FlashToRamCopy
                0x080014b0       0x16 ./gecko_sdk_4.4.3/platform/Device/SiliconLabs/EFR32MG24/Source/system_efr32mg24.o
                0x080014b0                FlashToRamCopy
 .text.SystemLFRCOClockGet
                0x080014c6        0x6 ./gecko_sdk_4.4.3/platform/Device/SiliconLabs/EFR32MG24/Source/system_efr32mg24.o
                0x080014c6                SystemLFRCOClockGet
 .text.SystemULFRCOClockGet
                0x080014cc        0x6 ./gecko_sdk_4.4.3/platform/Device/SiliconLabs/EFR32MG24/Source/system_efr32mg24.o
                0x080014cc                SystemULFRCOClockGet
 .text.assertEFM
                0x080014d2        0x2 ./gecko_sdk_4.4.3/platform/common/src/sl_assert.o
                0x080014d2                assertEFM
 .text.CORE_EnterCritical
                0x080014d4        0x8 ./gecko_sdk_4.4.3/platform/emlib/src/em_core.o
                0x080014d4                CORE_EnterCritical
 .text.CORE_ExitCritical
                0x080014dc        0x6 ./gecko_sdk_4.4.3/platform/emlib/src/em_core.o
                0x080014dc                CORE_ExitCritical
 .text.eusart_sync
                0x080014e2        0x8 ./gecko_sdk_4.4.3/platform/emlib/src/em_eusart.o
 .text.EUSART_Disable
                0x080014ea       0x34 ./gecko_sdk_4.4.3/platform/emlib/src/em_eusart.o
 .text.EUSART_Rx
                0x0800151e       0x28 ./gecko_sdk_4.4.3/platform/emlib/src/em_eusart.o
                0x0800151e                EUSART_Rx
 .text.EUSART_Tx
                0x08001546        0xa ./gecko_sdk_4.4.3/platform/emlib/src/em_eusart.o
                0x08001546                EUSART_Tx
 .text.BUS_RegMaskedWrite
                0x08001550       0x1e ./gecko_sdk_4.4.3/platform/emlib/src/em_gpio.o
 .text.sl_iostream_eusart_irq_handler
                0x0800156e       0x72 ./gecko_sdk_4.4.3/platform/service/iostream/src/sl_iostream_eusart.o
                0x0800156e                sl_iostream_eusart_irq_handler
 .text._exit    0x080015e0        0x2 ./gecko_sdk_4.4.3/platform/service/iostream/src/sl_iostream_retarget_stdio.o
                0x080015e0                _exit
 .text.memset   0x080015e2       0x10 c:/siliconlabs/simplicitystudio/v5/developer/toolchains/gnu_arm/12.2.rel1_2023.7/bin/../lib/gcc/arm-none-eabi/12.2.1/thumb/v8-m.main+fp/hard\libc_nano.a(libc_a-memset.o)
                0x080015e2                memset
 .text          0x080015f2       0x10 c:/siliconlabs/simplicitystudio/v5/developer/toolchains/gnu_arm/12.2.rel1_2023.7/bin/../lib/gcc/arm-none-eabi/12.2.1/thumb/v8-m.main+fp/hard\libc_nano.a(libc_a-strlen.o)
                0x080015f2                strlen
                0x08001620                . = ALIGN (0x20)
 *fill*         0x08001602       0x1e 
                0x08001620                linker_code_end = .
 *(.init)
 .init          0x08001620        0x4 c:/siliconlabs/simplicitystudio/v5/developer/toolchains/gnu_arm/12.2.rel1_2023.7/bin/../lib/gcc/arm-none-eabi/12.2.1/thumb/v8-m.main+fp/hard/crti.o
                0x08001620                _init
 .init          0x08001624        0x8 c:/siliconlabs/simplicitystudio/v5/developer/toolchains/gnu_arm/12.2.rel1_2023.7/bin/../lib/gcc/arm-none-eabi/12.2.1/thumb/v8-m.main+fp/hard/crtn.o
 *(.fini)
 .fini          0x0800162c        0x4 c:/siliconlabs/simplicitystudio/v5/developer/toolchains/gnu_arm/12.2.rel1_2023.7/bin/../lib/gcc/arm-none-eabi/12.2.1/thumb/v8-m.main+fp/hard/crti.o
                0x0800162c                _fini
 .fini          0x08001630        0x8 c:/siliconlabs/simplicitystudio/v5/developer/toolchains/gnu_arm/12.2.rel1_2023.7/bin/../lib/gcc/arm-none-eabi/12.2.1/thumb/v8-m.main+fp/hard/crtn.o
 *crtbegin.o(.ctors)
 *crtbegin?.o(.ctors)
 *(EXCLUDE_FILE(*crtend.o *crtend?.o) .ctors)
 *(SORT_BY_NAME(.ctors.*))
 *(.ctors)
 *crtbegin.o(.dtors)
 *crtbegin?.o(.dtors)
 *(EXCLUDE_FILE(*crtend.o *crtend?.o) .dtors)
 *(SORT_BY_NAME(.dtors.*))
 *(.dtors)
                0x08001638                __code_classification_validator_start__ = .
                0x08001658                . = (. + 0x20)
 *fill*         0x08001638       0x20 
 *(code_classification_validator)
                0x08001660                . = ALIGN (0x20)
 *fill*         0x08001658        0x8 
                0x08001660                __code_classification_validator_end__ = .
 *(.rodata*)
 .rodata        0x08001660       0x20 ./main.o
 .rodata.HFRCODPLLDevinfoGet.str1.1
                0x08001680       0x5a ./gecko_sdk_4.4.3/platform/emlib/src/em_cmu.o
 .rodata.EUSART_Enable.str1.1
                0x080016da       0x5d ./gecko_sdk_4.4.3/platform/emlib/src/em_eusart.o
 .rodata.GPIO_PinOutSet.str1.1
                0x08001737       0x5b ./gecko_sdk_4.4.3/platform/emlib/src/em_gpio.o
 .rodata.GPIO_ExtIntConfig.str1.1
                0x08001792       0x5b ./gecko_sdk_4.4.3/platform/emlib/src/em_gpio.o
 *fill*         0x080017ed        0x1 
 .rodata.CSWTCH.31
                0x080017ee        0x8 ./gecko_sdk_4.4.3/platform/emlib/src/em_gpio.o
 *(.eh_frame*)
 *fill*         0x080017f6        0x2 
 .eh_frame      0x080017f8        0x0 c:/siliconlabs/simplicitystudio/v5/developer/toolchains/gnu_arm/12.2.rel1_2023.7/bin/../lib/gcc/arm-none-eabi/12.2.1/thumb/v8-m.main+fp/hard/crtbegin.o

.glue_7         0x080017f8        0x0
 .glue_7        0x080017f8        0x0 linker stubs

.glue_7t        0x080017f8        0x0
 .glue_7t       0x080017f8        0x0 linker stubs

.vfp11_veneer   0x080017f8        0x0
 .vfp11_veneer  0x080017f8        0x0 linker stubs

.v4_bx          0x080017f8        0x0
 .v4_bx         0x080017f8        0x0 linker stubs

.iplt           0x080017f8        0x0
 .iplt          0x080017f8        0x0 c:/siliconlabs/simplicitystudio/v5/developer/toolchains/gnu_arm/12.2.rel1_2023.7/bin/../lib/gcc/arm-none-eabi/12.2.1/thumb/v8-m.main+fp/hard/crtbegin.o

.ARM.extab
 *(.ARM.extab* .gnu.linkonce.armextab.*)
                0x080017f8                __exidx_start = .

.ARM.exidx      0x080017f8        0x8
 *(.ARM.exidx* .gnu.linkonce.armexidx.*)
 .ARM.exidx     0x080017f8        0x8 c:/siliconlabs/simplicitystudio/v5/developer/toolchains/gnu_arm/12.2.rel1_2023.7/bin/../lib/gcc/arm-none-eabi/12.2.1/thumb/v8-m.main+fp/hard/crt0.o
                                 0x10 (size before relaxing)
                0x08001800                __exidx_end = .

.rel.dyn        0x08001800        0x0
 .rel.iplt      0x08001800        0x0 c:/siliconlabs/simplicitystudio/v5/developer/toolchains/gnu_arm/12.2.rel1_2023.7/bin/../lib/gcc/arm-none-eabi/12.2.1/thumb/v8-m.main+fp/hard/crtbegin.o

.copy.table     0x08001800        0xc
                0x08001800                . = ALIGN (0x4)
                0x08001800                __copy_table_start__ = .
                0x08001800        0x4 LONG 0x800180c __etext
                0x08001804        0x4 LONG 0x20001000 __data_start__
                0x08001808        0x4 LONG 0x6 ((__data_end__ - __data_start__) / 0x4)
                0x0800180c                __copy_table_end__ = .

.zero.table     0x0800180c        0x0
                0x0800180c                . = ALIGN (0x4)
                0x0800180c                __zero_table_start__ = .
                0x0800180c                __zero_table_end__ = .
                0x0800180c                __etext = .
                0x20000000                . = ORIGIN (RAM)

.stack          0x20000000     0x1000
                0x20000000                __StackLimit = .
 *(.stack*)
 .stack         0x20000000     0x1000 ./gecko_sdk_4.4.3/platform/common/toolchain/src/sl_memory.o
                0x20001000                . = ALIGN (0x4)
                0x20001000                __StackTop = .
                0x20001000                PROVIDE (__stack = __StackTop)

.noinit
 *(.noinit*)

.data           0x20001000       0x18 load address 0x0800180c
                0x20001000                . = ALIGN (0x4)
                0x20001000                __data_start__ = .
 *(vtable)
 *(SORT_BY_ALIGNMENT(.data*))
 .data.SystemCoreClock
                0x20001000        0x4 ./gecko_sdk_4.4.3/platform/Device/SiliconLabs/EFR32MG24/Source/system_efr32mg24.o
                0x20001000                SystemCoreClock
 .data.SystemHFRCODPLLClock
                0x20001004        0x4 ./gecko_sdk_4.4.3/platform/Device/SiliconLabs/EFR32MG24/Source/system_efr32mg24.o
 .data.SystemLFXOClock
                0x20001008        0x4 ./gecko_sdk_4.4.3/platform/Device/SiliconLabs/EFR32MG24/Source/system_efr32mg24.o
 .data.SystemHFXOClock
                0x2000100c        0x4 ./gecko_sdk_4.4.3/platform/Device/SiliconLabs/EFR32MG24/Source/system_efr32mg24.o
                0x20001010                . = ALIGN (0x4)
                [!provide]                PROVIDE (__ram_func_section_start = .)
 *(.ram)
                [!provide]                PROVIDE (__ram_func_section_end = .)
                0x20001010                . = ALIGN (0x4)
                0x20001010                PROVIDE (__preinit_array_start = .)
 *(.preinit_array)
                0x20001010                PROVIDE (__preinit_array_end = .)
                0x20001010                . = ALIGN (0x4)
                0x20001010                PROVIDE (__init_array_start = .)
 *(SORT_BY_NAME(.init_array.*))
 *(.init_array)
 .init_array    0x20001010        0x4 c:/siliconlabs/simplicitystudio/v5/developer/toolchains/gnu_arm/12.2.rel1_2023.7/bin/../lib/gcc/arm-none-eabi/12.2.1/thumb/v8-m.main+fp/hard/crtbegin.o
                0x20001014                PROVIDE (__init_array_end = .)
                0x20001014                . = ALIGN (0x4)
                [!provide]                PROVIDE (__fini_array_start = .)
 *(SORT_BY_NAME(.fini_array.*))
 *(.fini_array)
 .fini_array    0x20001014        0x4 c:/siliconlabs/simplicitystudio/v5/developer/toolchains/gnu_arm/12.2.rel1_2023.7/bin/../lib/gcc/arm-none-eabi/12.2.1/thumb/v8-m.main+fp/hard/crtbegin.o
                [!provide]                PROVIDE (__fini_array_end = .)
                0x20001018                . = ALIGN (0x4)
                0x20001018                __data_end__ = .

.tm_clone_table
                0x20001018        0x0 load address 0x08001824
 .tm_clone_table
                0x20001018        0x0 c:/siliconlabs/simplicitystudio/v5/developer/toolchains/gnu_arm/12.2.rel1_2023.7/bin/../lib/gcc/arm-none-eabi/12.2.1/thumb/v8-m.main+fp/hard/crtbegin.o
 .tm_clone_table
                0x20001018        0x0 c:/siliconlabs/simplicitystudio/v5/developer/toolchains/gnu_arm/12.2.rel1_2023.7/bin/../lib/gcc/arm-none-eabi/12.2.1/thumb/v8-m.main+fp/hard/crtend.o

.igot.plt       0x20001018        0x0 load address 0x08001824
 .igot.plt      0x20001018        0x0 c:/siliconlabs/simplicitystudio/v5/developer/toolchains/gnu_arm/12.2.rel1_2023.7/bin/../lib/gcc/arm-none-eabi/12.2.1/thumb/v8-m.main+fp/hard/crtbegin.o

.bss            0x20001018      0x228 load address 0x08001824
                0x20001018                . = ALIGN (0x4)
                0x20001018                __bss_start__ = .
 *(SORT_BY_ALIGNMENT(.bss*))
 .bss.object.0  0x20001018       0x18 c:/siliconlabs/simplicitystudio/v5/developer/toolchains/gnu_arm/12.2.rel1_2023.7/bin/../lib/gcc/arm-none-eabi/12.2.1/thumb/v8-m.main+fp/hard/crtbegin.o
 .bss.count     0x20001030        0x4 ./main.o
                0x20001030                count
 .bss.state     0x20001034        0x4 ./main.o
                0x20001034                state
 .bss.sl_iostream_vcom
                0x20001038       0x18 ./autogen/sl_iostream_init_eusart_instances.o
 .bss.dmaXfer   0x20001050      0x100 ./gecko_sdk_4.4.3/platform/emdrv/dmadrv/src/dmadrv.o
 .bss.chTable   0x20001150       0x80 ./gecko_sdk_4.4.3/platform/emdrv/dmadrv/src/dmadrv.o
 .bss.__stdio_exit_handler
                0x200011d0        0x4 c:/siliconlabs/simplicitystudio/v5/developer/toolchains/gnu_arm/12.2.rel1_2023.7/bin/../lib/gcc/arm-none-eabi/12.2.1/thumb/v8-m.main+fp/hard\libc_nano.a(libc_a-findfp.o)
                0x200011d0                __stdio_exit_handler
 .bss.completed.1
                0x200011d4        0x1 c:/siliconlabs/simplicitystudio/v5/developer/toolchains/gnu_arm/12.2.rel1_2023.7/bin/../lib/gcc/arm-none-eabi/12.2.1/thumb/v8-m.main+fp/hard/crtbegin.o
 .bss.received_data
                0x200011d5       0x64 ./main.o
                0x200011d5                received_data
 .bss.receivedChar
                0x20001239        0x1 ./main.o
                0x20001239                receivedChar
 .bss.dali_rx_nb_packets
                0x2000123a        0x2 ./gecko_sdk_4.4.3/platform/emlib/src/em_eusart.o
 .bss.dali_tx_nb_packets
                0x2000123c        0x2 ./gecko_sdk_4.4.3/platform/emlib/src/em_eusart.o
 *(COMMON)
                0x20001240                . = ALIGN (0x4)
 *fill*         0x2000123e        0x2 
                0x20001240                __bss_end__ = .
                0x20001240                __ramfuncs_start__ = .
                0x20001240                __vma_ramfuncs_start__ = .
                0x08001824                __lma_ramfuncs_start__ = (__etext + SIZEOF (.data))
                0x00000000                __text_application_ram_offset__ = (. - __vma_ramfuncs_start__)

text_application_ram
                0x20001240        0x0 load address 0x08001824
                0x20001240                . = ALIGN (0x4)
                0x20001240                __text_application_ram_start__ = .
 *(text_application_ram)
                0x20001240                . = ALIGN (0x4)
                0x20001240                __text_application_ram_end__ = .
                0x20001240                . = ALIGN (0x4)
                0x20001240                __vma_ramfuncs_end__ = .
                0x08001824                __lma_ramfuncs_end__ = ((__lma_ramfuncs_start__ + __text_application_ram_offset__) + SIZEOF (text_application_ram))
                0x20001240                __ramfuncs_end__ = .

.heap           0x20001240      0x800
                0x20001240                __HeapBase = .
                0x20001240                __end__ = .
                0x20001240                end = __end__
                0x20001240                _end = __end__
 *(.heap*)
 .heap          0x20001240      0x800 ./gecko_sdk_4.4.3/platform/common/toolchain/src/sl_memory.o
                0x20040000                __HeapLimit = (ORIGIN (RAM) + LENGTH (RAM))
                0x0003edc0                __heap_size = (__HeapLimit - __HeapBase)
                0x20040000                __ram_end__ = 0x20040000
                0x0817e000                __main_flash_end__ = 0x817e000

.internal_storage
 *(.internal_storage*)

.nvm
 *(.simee*)
                0x0817e000                linker_nvm_end = __main_flash_end__
                0x0817e000                linker_nvm_begin = (linker_nvm_end - SIZEOF (.nvm))
                0x00000000                linker_nvm_size = SIZEOF (.nvm)
                0x0817e000                linker_storage_end = linker_nvm_begin
                0x0817e000                __nvm3Base = linker_nvm_begin
                0x0817e000                linker_storage_begin = (linker_storage_end - SIZEOF (.internal_storage))
                0x00000000                linker_storage_size = SIZEOF (.internal_storage)
                0x00000001                ASSERT ((linker_storage_begin >= (__etext + SIZEOF (.data))), FLASH memory overflowed !)
                0x0817e000                app_flash_end = 0x817e000
                0x00000001                ASSERT (((linker_nvm_begin + SIZEOF (.nvm)) <= app_flash_end), NVM3 is excessing the flash size !)
OUTPUT(EUSART.axf elf32-littlearm)
LOAD linker stubs

.ARM.attributes
                0x00000000       0x36
 .ARM.attributes
                0x00000000       0x26 c:/siliconlabs/simplicitystudio/v5/developer/toolchains/gnu_arm/12.2.rel1_2023.7/bin/../lib/gcc/arm-none-eabi/12.2.1/thumb/v8-m.main+fp/hard/crti.o
 .ARM.attributes
                0x00000026       0x38 c:/siliconlabs/simplicitystudio/v5/developer/toolchains/gnu_arm/12.2.rel1_2023.7/bin/../lib/gcc/arm-none-eabi/12.2.1/thumb/v8-m.main+fp/hard/crtbegin.o
 .ARM.attributes
                0x0000005e       0x24 c:/siliconlabs/simplicitystudio/v5/developer/toolchains/gnu_arm/12.2.rel1_2023.7/bin/../lib/gcc/arm-none-eabi/12.2.1/thumb/v8-m.main+fp/hard/crt0.o
 .ARM.attributes
                0x00000082       0x3a ./main.o
 .ARM.attributes
                0x000000bc       0x3a ./autogen/sl_iostream_init_eusart_instances.o
 .ARM.attributes
                0x000000f6       0x3a ./gecko_sdk_4.4.3/platform/Device/SiliconLabs/EFR32MG24/Source/startup_efr32mg24.o
 .ARM.attributes
                0x00000130       0x3a ./gecko_sdk_4.4.3/platform/Device/SiliconLabs/EFR32MG24/Source/system_efr32mg24.o
 .ARM.attributes
                0x0000016a       0x3a ./gecko_sdk_4.4.3/platform/common/src/sl_assert.o
 .ARM.attributes
                0x000001a4       0x3a ./gecko_sdk_4.4.3/platform/common/toolchain/src/sl_memory.o
 .ARM.attributes
                0x000001de       0x3a ./gecko_sdk_4.4.3/platform/emdrv/dmadrv/src/dmadrv.o
 .ARM.attributes
                0x00000218       0x3a ./gecko_sdk_4.4.3/platform/emlib/src/em_cmu.o
 .ARM.attributes
                0x00000252       0x3a ./gecko_sdk_4.4.3/platform/emlib/src/em_core.o
 .ARM.attributes
                0x0000028c       0x3a ./gecko_sdk_4.4.3/platform/emlib/src/em_eusart.o
 .ARM.attributes
                0x000002c6       0x3a ./gecko_sdk_4.4.3/platform/emlib/src/em_gpio.o
 .ARM.attributes
                0x00000300       0x3a ./gecko_sdk_4.4.3/platform/service/iostream/src/sl_iostream_eusart.o
 .ARM.attributes
                0x0000033a       0x3a ./gecko_sdk_4.4.3/platform/service/iostream/src/sl_iostream_retarget_stdio.o
 .ARM.attributes
                0x00000374       0x38 c:/siliconlabs/simplicitystudio/v5/developer/toolchains/gnu_arm/12.2.rel1_2023.7/bin/../lib/gcc/arm-none-eabi/12.2.1/thumb/v8-m.main+fp/hard\libc_nano.a(libc_a-exit.o)
 .ARM.attributes
                0x000003ac       0x38 c:/siliconlabs/simplicitystudio/v5/developer/toolchains/gnu_arm/12.2.rel1_2023.7/bin/../lib/gcc/arm-none-eabi/12.2.1/thumb/v8-m.main+fp/hard\libc_nano.a(libc_a-findfp.o)
 .ARM.attributes
                0x000003e4       0x38 c:/siliconlabs/simplicitystudio/v5/developer/toolchains/gnu_arm/12.2.rel1_2023.7/bin/../lib/gcc/arm-none-eabi/12.2.1/thumb/v8-m.main+fp/hard\libc_nano.a(libc_a-memset.o)
 .ARM.attributes
                0x0000041c       0x38 c:/siliconlabs/simplicitystudio/v5/developer/toolchains/gnu_arm/12.2.rel1_2023.7/bin/../lib/gcc/arm-none-eabi/12.2.1/thumb/v8-m.main+fp/hard\libc_nano.a(libc_a-init.o)
 .ARM.attributes
                0x00000454       0x17 c:/siliconlabs/simplicitystudio/v5/developer/toolchains/gnu_arm/12.2.rel1_2023.7/bin/../lib/gcc/arm-none-eabi/12.2.1/thumb/v8-m.main+fp/hard\libc_nano.a(libc_a-strlen.o)
 .ARM.attributes
                0x0000046b       0x38 c:/siliconlabs/simplicitystudio/v5/developer/toolchains/gnu_arm/12.2.rel1_2023.7/bin/../lib/gcc/arm-none-eabi/12.2.1/thumb/v8-m.main+fp/hard/crtend.o
 .ARM.attributes
                0x000004a3       0x26 c:/siliconlabs/simplicitystudio/v5/developer/toolchains/gnu_arm/12.2.rel1_2023.7/bin/../lib/gcc/arm-none-eabi/12.2.1/thumb/v8-m.main+fp/hard/crtn.o

.comment        0x00000000       0x45
 .comment       0x00000000       0x45 ./main.o
                                 0x46 (size before relaxing)
 .comment       0x00000045       0x46 ./autogen/sl_iostream_init_eusart_instances.o
 .comment       0x00000045       0x46 ./gecko_sdk_4.4.3/platform/Device/SiliconLabs/EFR32MG24/Source/startup_efr32mg24.o
 .comment       0x00000045       0x46 ./gecko_sdk_4.4.3/platform/Device/SiliconLabs/EFR32MG24/Source/system_efr32mg24.o
 .comment       0x00000045       0x46 ./gecko_sdk_4.4.3/platform/common/src/sl_assert.o
 .comment       0x00000045       0x46 ./gecko_sdk_4.4.3/platform/common/toolchain/src/sl_memory.o
 .comment       0x00000045       0x46 ./gecko_sdk_4.4.3/platform/emdrv/dmadrv/src/dmadrv.o
 .comment       0x00000045       0x46 ./gecko_sdk_4.4.3/platform/emlib/src/em_cmu.o
 .comment       0x00000045       0x46 ./gecko_sdk_4.4.3/platform/emlib/src/em_core.o
 .comment       0x00000045       0x46 ./gecko_sdk_4.4.3/platform/emlib/src/em_eusart.o
 .comment       0x00000045       0x46 ./gecko_sdk_4.4.3/platform/emlib/src/em_gpio.o
 .comment       0x00000045       0x46 ./gecko_sdk_4.4.3/platform/service/iostream/src/sl_iostream_eusart.o
 .comment       0x00000045       0x46 ./gecko_sdk_4.4.3/platform/service/iostream/src/sl_iostream_retarget_stdio.o

.debug_line_str
                0x00000000      0x1d6
 .debug_line_str
                0x00000000       0xe7 c:/siliconlabs/simplicitystudio/v5/developer/toolchains/gnu_arm/12.2.rel1_2023.7/bin/../lib/gcc/arm-none-eabi/12.2.1/thumb/v8-m.main+fp/hard/crt0.o
 .debug_line_str
                0x000000e7       0xef c:/siliconlabs/simplicitystudio/v5/developer/toolchains/gnu_arm/12.2.rel1_2023.7/bin/../lib/gcc/arm-none-eabi/12.2.1/thumb/v8-m.main+fp/hard\libc_nano.a(libc_a-strlen.o)

.debug_info     0x00000000    0x21dd5
 .debug_info    0x00000000     0x2d19 ./main.o
 .debug_info    0x00002d19     0x1a92 ./autogen/sl_iostream_init_eusart_instances.o
 .debug_info    0x000047ab      0x3a9 ./gecko_sdk_4.4.3/platform/Device/SiliconLabs/EFR32MG24/Source/startup_efr32mg24.o
 .debug_info    0x00004b54     0x2478 ./gecko_sdk_4.4.3/platform/Device/SiliconLabs/EFR32MG24/Source/system_efr32mg24.o
 .debug_info    0x00006fcc       0x86 ./gecko_sdk_4.4.3/platform/common/src/sl_assert.o
 .debug_info    0x00007052      0x205 ./gecko_sdk_4.4.3/platform/common/toolchain/src/sl_memory.o
 .debug_info    0x00007257     0x1eb9 ./gecko_sdk_4.4.3/platform/emdrv/dmadrv/src/dmadrv.o
 .debug_info    0x00009110     0xa8ab ./gecko_sdk_4.4.3/platform/emlib/src/em_cmu.o
 .debug_info    0x000139bb     0x1416 ./gecko_sdk_4.4.3/platform/emlib/src/em_core.o
 .debug_info    0x00014dd1     0x5a8e ./gecko_sdk_4.4.3/platform/emlib/src/em_eusart.o
 .debug_info    0x0001a85f     0x2775 ./gecko_sdk_4.4.3/platform/emlib/src/em_gpio.o
 .debug_info    0x0001cfd4     0x4776 ./gecko_sdk_4.4.3/platform/service/iostream/src/sl_iostream_eusart.o
 .debug_info    0x0002174a      0x68b ./gecko_sdk_4.4.3/platform/service/iostream/src/sl_iostream_retarget_stdio.o

.debug_abbrev   0x00000000     0x2676
 .debug_abbrev  0x00000000      0x32e ./main.o
 .debug_abbrev  0x0000032e      0x281 ./autogen/sl_iostream_init_eusart_instances.o
 .debug_abbrev  0x000005af      0x22e ./gecko_sdk_4.4.3/platform/Device/SiliconLabs/EFR32MG24/Source/startup_efr32mg24.o
 .debug_abbrev  0x000007dd      0x34d ./gecko_sdk_4.4.3/platform/Device/SiliconLabs/EFR32MG24/Source/system_efr32mg24.o
 .debug_abbrev  0x00000b2a       0x6c ./gecko_sdk_4.4.3/platform/common/src/sl_assert.o
 .debug_abbrev  0x00000b96      0x11e ./gecko_sdk_4.4.3/platform/common/toolchain/src/sl_memory.o
 .debug_abbrev  0x00000cb4      0x3d4 ./gecko_sdk_4.4.3/platform/emdrv/dmadrv/src/dmadrv.o
 .debug_abbrev  0x00001088      0x5b2 ./gecko_sdk_4.4.3/platform/emlib/src/em_cmu.o
 .debug_abbrev  0x0000163a      0x32f ./gecko_sdk_4.4.3/platform/emlib/src/em_core.o
 .debug_abbrev  0x00001969      0x437 ./gecko_sdk_4.4.3/platform/emlib/src/em_eusart.o
 .debug_abbrev  0x00001da0      0x32f ./gecko_sdk_4.4.3/platform/emlib/src/em_gpio.o
 .debug_abbrev  0x000020cf      0x3ae ./gecko_sdk_4.4.3/platform/service/iostream/src/sl_iostream_eusart.o
 .debug_abbrev  0x0000247d      0x1f9 ./gecko_sdk_4.4.3/platform/service/iostream/src/sl_iostream_retarget_stdio.o

.debug_loc      0x00000000     0x908f
 .debug_loc     0x00000000      0x195 ./main.o
 .debug_loc     0x00000195       0xa0 ./autogen/sl_iostream_init_eusart_instances.o
 .debug_loc     0x00000235       0x8e ./gecko_sdk_4.4.3/platform/Device/SiliconLabs/EFR32MG24/Source/startup_efr32mg24.o
 .debug_loc     0x000002c3      0x2c0 ./gecko_sdk_4.4.3/platform/Device/SiliconLabs/EFR32MG24/Source/system_efr32mg24.o
 .debug_loc     0x00000583       0x2a ./gecko_sdk_4.4.3/platform/common/src/sl_assert.o
 .debug_loc     0x000005ad       0xa9 ./gecko_sdk_4.4.3/platform/common/toolchain/src/sl_memory.o
 .debug_loc     0x00000656     0x1105 ./gecko_sdk_4.4.3/platform/emdrv/dmadrv/src/dmadrv.o
 .debug_loc     0x0000175b     0x4b25 ./gecko_sdk_4.4.3/platform/emlib/src/em_cmu.o
 .debug_loc     0x00006280      0x9a9 ./gecko_sdk_4.4.3/platform/emlib/src/em_core.o
 .debug_loc     0x00006c29     0x1348 ./gecko_sdk_4.4.3/platform/emlib/src/em_eusart.o
 .debug_loc     0x00007f71      0x93d ./gecko_sdk_4.4.3/platform/emlib/src/em_gpio.o
 .debug_loc     0x000088ae      0x5ca ./gecko_sdk_4.4.3/platform/service/iostream/src/sl_iostream_eusart.o
 .debug_loc     0x00008e78      0x217 ./gecko_sdk_4.4.3/platform/service/iostream/src/sl_iostream_retarget_stdio.o

.debug_aranges  0x00000000      0x6f8
 .debug_aranges
                0x00000000       0x48 ./main.o
 .debug_aranges
                0x00000048       0x38 ./autogen/sl_iostream_init_eusart_instances.o
 .debug_aranges
                0x00000080       0x30 ./gecko_sdk_4.4.3/platform/Device/SiliconLabs/EFR32MG24/Source/startup_efr32mg24.o
 .debug_aranges
                0x000000b0       0x98 ./gecko_sdk_4.4.3/platform/Device/SiliconLabs/EFR32MG24/Source/system_efr32mg24.o
 .debug_aranges
                0x00000148       0x20 ./gecko_sdk_4.4.3/platform/common/src/sl_assert.o
 .debug_aranges
                0x00000168       0x30 ./gecko_sdk_4.4.3/platform/common/toolchain/src/sl_memory.o
 .debug_aranges
                0x00000198       0xa8 ./gecko_sdk_4.4.3/platform/emdrv/dmadrv/src/dmadrv.o
 .debug_aranges
                0x00000240      0x200 ./gecko_sdk_4.4.3/platform/emlib/src/em_cmu.o
 .debug_aranges
                0x00000440       0xe8 ./gecko_sdk_4.4.3/platform/emlib/src/em_core.o
 .debug_aranges
                0x00000528       0xc8 ./gecko_sdk_4.4.3/platform/emlib/src/em_eusart.o
 .debug_aranges
                0x000005f0       0x68 ./gecko_sdk_4.4.3/platform/emlib/src/em_gpio.o
 .debug_aranges
                0x00000658       0x40 ./gecko_sdk_4.4.3/platform/service/iostream/src/sl_iostream_eusart.o
 .debug_aranges
                0x00000698       0x60 ./gecko_sdk_4.4.3/platform/service/iostream/src/sl_iostream_retarget_stdio.o

.debug_ranges   0x00000000      0xb60
 .debug_ranges  0x00000000       0x50 ./main.o
 .debug_ranges  0x00000050       0x28 ./autogen/sl_iostream_init_eusart_instances.o
 .debug_ranges  0x00000078       0x88 ./gecko_sdk_4.4.3/platform/Device/SiliconLabs/EFR32MG24/Source/startup_efr32mg24.o
 .debug_ranges  0x00000100       0xa0 ./gecko_sdk_4.4.3/platform/Device/SiliconLabs/EFR32MG24/Source/system_efr32mg24.o
 .debug_ranges  0x000001a0       0x10 ./gecko_sdk_4.4.3/platform/common/src/sl_assert.o
 .debug_ranges  0x000001b0       0x20 ./gecko_sdk_4.4.3/platform/common/toolchain/src/sl_memory.o
 .debug_ranges  0x000001d0       0xb0 ./gecko_sdk_4.4.3/platform/emdrv/dmadrv/src/dmadrv.o
 .debug_ranges  0x00000280      0x400 ./gecko_sdk_4.4.3/platform/emlib/src/em_cmu.o
 .debug_ranges  0x00000680      0x1a0 ./gecko_sdk_4.4.3/platform/emlib/src/em_core.o
 .debug_ranges  0x00000820      0x1c0 ./gecko_sdk_4.4.3/platform/emlib/src/em_eusart.o
 .debug_ranges  0x000009e0       0x70 ./gecko_sdk_4.4.3/platform/emlib/src/em_gpio.o
 .debug_ranges  0x00000a50       0xc0 ./gecko_sdk_4.4.3/platform/service/iostream/src/sl_iostream_eusart.o
 .debug_ranges  0x00000b10       0x50 ./gecko_sdk_4.4.3/platform/service/iostream/src/sl_iostream_retarget_stdio.o

.debug_line     0x00000000     0x8be8
 .debug_line    0x00000000      0x550 ./main.o
 .debug_line    0x00000550      0x5bd ./autogen/sl_iostream_init_eusart_instances.o
 .debug_line    0x00000b0d      0x355 ./gecko_sdk_4.4.3/platform/Device/SiliconLabs/EFR32MG24/Source/startup_efr32mg24.o
 .debug_line    0x00000e62      0x640 ./gecko_sdk_4.4.3/platform/Device/SiliconLabs/EFR32MG24/Source/system_efr32mg24.o
 .debug_line    0x000014a2       0xad ./gecko_sdk_4.4.3/platform/common/src/sl_assert.o
 .debug_line    0x0000154f      0x2ff ./gecko_sdk_4.4.3/platform/common/toolchain/src/sl_memory.o
 .debug_line    0x0000184e      0xb07 ./gecko_sdk_4.4.3/platform/emdrv/dmadrv/src/dmadrv.o
 .debug_line    0x00002355     0x3311 ./gecko_sdk_4.4.3/platform/emlib/src/em_cmu.o
 .debug_line    0x00005666      0xaac ./gecko_sdk_4.4.3/platform/emlib/src/em_core.o
 .debug_line    0x00006112     0x15bd ./gecko_sdk_4.4.3/platform/emlib/src/em_eusart.o
 .debug_line    0x000076cf      0x6cf ./gecko_sdk_4.4.3/platform/emlib/src/em_gpio.o
 .debug_line    0x00007d9e      0x9dd ./gecko_sdk_4.4.3/platform/service/iostream/src/sl_iostream_eusart.o
 .debug_line    0x0000877b      0x46d ./gecko_sdk_4.4.3/platform/service/iostream/src/sl_iostream_retarget_stdio.o

.debug_str      0x00000000     0xa694
 .debug_str     0x00000000     0x25e5 ./main.o
                               0x2832 (size before relaxing)
 .debug_str     0x000025e5      0x9c1 ./autogen/sl_iostream_init_eusart_instances.o
                               0x225c (size before relaxing)
 .debug_str     0x00002fa6      0x1cf ./gecko_sdk_4.4.3/platform/Device/SiliconLabs/EFR32MG24/Source/startup_efr32mg24.o
                                0x388 (size before relaxing)
 .debug_str     0x00003175      0xdcf ./gecko_sdk_4.4.3/platform/Device/SiliconLabs/EFR32MG24/Source/system_efr32mg24.o
                               0x177a (size before relaxing)
 .debug_str     0x00003f44       0x68 ./gecko_sdk_4.4.3/platform/common/src/sl_assert.o
                                0x18c (size before relaxing)
 .debug_str     0x00003fac      0x102 ./gecko_sdk_4.4.3/platform/common/toolchain/src/sl_memory.o
                                0x2c6 (size before relaxing)
 .debug_str     0x000040ae      0xd42 ./gecko_sdk_4.4.3/platform/emdrv/dmadrv/src/dmadrv.o
                               0x1091 (size before relaxing)
 .debug_str     0x00004df0     0x44e3 ./gecko_sdk_4.4.3/platform/emlib/src/em_cmu.o
                               0x6566 (size before relaxing)
 .debug_str     0x000092d3      0x327 ./gecko_sdk_4.4.3/platform/emlib/src/em_core.o
                                0xb36 (size before relaxing)
 .debug_str     0x000095fa      0xbba ./gecko_sdk_4.4.3/platform/emlib/src/em_eusart.o
                               0x53e2 (size before relaxing)
 .debug_str     0x0000a1b4      0x157 ./gecko_sdk_4.4.3/platform/emlib/src/em_gpio.o
                               0x16bc (size before relaxing)
 .debug_str     0x0000a30b      0x1bc ./gecko_sdk_4.4.3/platform/service/iostream/src/sl_iostream_eusart.o
                               0x36a9 (size before relaxing)
 .debug_str     0x0000a4c7      0x1cd ./gecko_sdk_4.4.3/platform/service/iostream/src/sl_iostream_retarget_stdio.o
                                0x422 (size before relaxing)

.debug_frame    0x00000000     0x14b4
 .debug_frame   0x00000000       0xa4 ./main.o
 .debug_frame   0x000000a4       0x64 ./autogen/sl_iostream_init_eusart_instances.o
 .debug_frame   0x00000108       0x48 ./gecko_sdk_4.4.3/platform/Device/SiliconLabs/EFR32MG24/Source/startup_efr32mg24.o
 .debug_frame   0x00000150      0x128 ./gecko_sdk_4.4.3/platform/Device/SiliconLabs/EFR32MG24/Source/system_efr32mg24.o
 .debug_frame   0x00000278       0x20 ./gecko_sdk_4.4.3/platform/common/src/sl_assert.o
 .debug_frame   0x00000298       0x40 ./gecko_sdk_4.4.3/platform/common/toolchain/src/sl_memory.o
 .debug_frame   0x000002d8      0x208 ./gecko_sdk_4.4.3/platform/emdrv/dmadrv/src/dmadrv.o
 .debug_frame   0x000004e0      0x66c ./gecko_sdk_4.4.3/platform/emlib/src/em_cmu.o
 .debug_frame   0x00000b4c      0x250 ./gecko_sdk_4.4.3/platform/emlib/src/em_core.o
 .debug_frame   0x00000d9c      0x2a4 ./gecko_sdk_4.4.3/platform/emlib/src/em_eusart.o
 .debug_frame   0x00001040      0x168 ./gecko_sdk_4.4.3/platform/emlib/src/em_gpio.o
 .debug_frame   0x000011a8       0xa4 ./gecko_sdk_4.4.3/platform/service/iostream/src/sl_iostream_eusart.o
 .debug_frame   0x0000124c       0xb0 ./gecko_sdk_4.4.3/platform/service/iostream/src/sl_iostream_retarget_stdio.o
 .debug_frame   0x000012fc       0x28 c:/siliconlabs/simplicitystudio/v5/developer/toolchains/gnu_arm/12.2.rel1_2023.7/bin/../lib/gcc/arm-none-eabi/12.2.1/thumb/v8-m.main+fp/hard\libc_nano.a(libc_a-exit.o)
 .debug_frame   0x00001324      0x144 c:/siliconlabs/simplicitystudio/v5/developer/toolchains/gnu_arm/12.2.rel1_2023.7/bin/../lib/gcc/arm-none-eabi/12.2.1/thumb/v8-m.main+fp/hard\libc_nano.a(libc_a-findfp.o)
 .debug_frame   0x00001468       0x20 c:/siliconlabs/simplicitystudio/v5/developer/toolchains/gnu_arm/12.2.rel1_2023.7/bin/../lib/gcc/arm-none-eabi/12.2.1/thumb/v8-m.main+fp/hard\libc_nano.a(libc_a-memset.o)
 .debug_frame   0x00001488       0x2c c:/siliconlabs/simplicitystudio/v5/developer/toolchains/gnu_arm/12.2.rel1_2023.7/bin/../lib/gcc/arm-none-eabi/12.2.1/thumb/v8-m.main+fp/hard\libc_nano.a(libc_a-init.o)
